<html>
<body>
<pre>
<h1>礦ision Build Log</h1>
<h2>Tool Versions:</h2>
IDE-Version: μVision V5.36.0.0
Copyright (C) 2021 ARM Ltd and ARM Germany GmbH. All rights reserved.
License Information: 1 1, 1, LIC=NQQMA-12EJM-MMH9I-TM6QR-PT15M-AP397
 
Tool Versions:
Toolchain:       MDK-ARM Plus  Version: 5.36.0.0
Toolchain Path:  F:\KEIL5\ARM\ARMCC\Bin
C Compiler:      Armcc.exe V5.06 update 7 (build 960)
Assembler:       Armasm.exe V5.06 update 7 (build 960)
Linker/Locator:  ArmLink.exe V5.06 update 7 (build 960)
Library Manager: ArmAr.exe V5.06 update 7 (build 960)
Hex Converter:   FromElf.exe V5.06 update 7 (build 960)
CPU DLL:         SARMCM3.DLL V5.36.0.0
Dialog DLL:      DCM.DLL V1.17.3.0
Target DLL:      STLink\ST-LINKIII-KEIL_SWO.dll V3.0.9.0
Dialog DLL:      TCM.DLL V1.53.0.0
 
<h2>Project:</h2>
E:\科研\分布式\CODE\104_AD7616_E103-W02_delta_V_left\USER\USART.uvprojx
Project File Date:  01/14/2022

<h2>Output:</h2>
*** Using Compiler 'V5.06 update 7 (build 960)', folder: 'F:\KEIL5\ARM\ARMCC\Bin'
Rebuild target 'Target 1'
compiling stm32f10x_it.c...
compiling gpio.c...
compiling system_stm32f10x.c...
system_stm32f10x.c(393): warning:  #177-D: function "SetSysClock"  was declared but never referenced
  static void SetSysClock(void)
system_stm32f10x.c: 1 warning, 0 errors
compiling AD7606.c...
compiling main.c...
main.c(72): warning:  #192-D: unrecognized character escape sequence
  	printf("\*458731\#4321\#test2\*\r\n");
main.c(72): warning:  #192-D: unrecognized character escape sequence
  	printf("\*458731\#4321\#test2\*\r\n");
main.c(72): warning:  #192-D: unrecognized character escape sequence
  	printf("\*458731\#4321\#test2\*\r\n");
main.c(72): warning:  #192-D: unrecognized character escape sequence
  	printf("\*458731\#4321\#test2\*\r\n");
main.c: 4 warnings, 0 errors
compiling led.c...
compiling rs2103.c...
compiling delay.c...
compiling key.c...
compiling stmflash.c...
compiling monitor.c...
compiling ds18b20.c...
compiling getData.c...
compiling oled.c...
assembling startup_stm32f10x_hd.s...
compiling core_cm3.c...
compiling usart.c...
compiling stm32f10x_gpio.c...
compiling stm32f10x_rcc.c...
compiling sys.c...
compiling misc.c...
compiling stm32f10x_usart.c...
compiling stm32f10x_exti.c...
compiling stm32f10x_flash.c...
linking...
Program Size: Code=22776 RO-data=656 RW-data=2224 ZI-data=10304  
FromELF: creating hex file...
"..\OBJ\USART.axf" - 0 Error(s), 5 Warning(s).

<h2>Software Packages used:</h2>

Package Vendor: Keil
                http://www.keil.com/pack/Keil.STM32F1xx_DFP.2.2.0.pack
                Keil.STM32F1xx_DFP.2.2.0
                STMicroelectronics STM32F1 Series Device Support, Drivers and Examples

<h2>Collection of Component include folders:</h2>
  G:\keil_packs\Keil\STM32F1xx_DFP\2.2.0\Device\Include

<h2>Collection of Component Files used:</h2>
Build Time Elapsed:  00:00:02
</pre>
</body>
</html>
