Component: ARM Compiler 5.06 update 7 (build 960) Tool: armlink [4d3601]

==============================================================================

Section Cross References

    main.o(.text) refers to delay.o(.text) for delay_init
    main.o(.text) refers to misc.o(.text) for NVIC_PriorityGroupConfig
    main.o(.text) refers to usart.o(.text) for uart_init
    main.o(.text) refers to gpio.o(.text) for gpio_init
    main.o(.text) refers to key.o(.text) for EXTIX_Init
    main.o(.text) refers to ad7606.o(.text) for AD7606_init
    main.o(.text) refers to getdata.o(.text) for setR0
    main.o(.text) refers to noretval__2printf.o(.text) for __2printf
    main.o(.text) refers to main.o(.data) for Rstflag
    system_stm32f10x.o(.text) refers to system_stm32f10x.o(.data) for SystemCoreClock
    led.o(.text) refers to stm32f10x_rcc.o(.text) for RCC_APB2PeriphClockCmd
    led.o(.text) refers to stm32f10x_gpio.o(.text) for GPIO_Init
    gpio.o(.text) refers to stm32f10x_rcc.o(.text) for RCC_APB2PeriphClockCmd
    gpio.o(.text) refers to stm32f10x_gpio.o(.text) for GPIO_Init
    ad7606.o(.text) refers to stm32f10x_gpio.o(.text) for GPIO_ResetBits
    ad7606.o(.text) refers to delay.o(.text) for delay_us
    rs2103.o(.text) refers to stm32f10x_gpio.o(.text) for GPIO_ResetBits
    getdata.o(.text) refers to _printf_percent.o(.ARM.Collect$$_printf_percent$$00000000) for _printf_percent
    getdata.o(.text) refers to _printf_f.o(.ARM.Collect$$_printf_percent$$00000003) for _printf_f
    getdata.o(.text) refers to printf1.o(x$fpl$printf1) for _printf_fp_dec
    getdata.o(.text) refers to ad7606.o(.text) for delay
    getdata.o(.text) refers to rs2103.o(.text) for BL1151_GND
    getdata.o(.text) refers to fflt_clz.o(x$fpl$fflt) for __aeabi_i2f
    getdata.o(.text) refers to fdiv.o(x$fpl$fdiv) for __aeabi_fdiv
    getdata.o(.text) refers to fmul.o(x$fpl$fmul) for __aeabi_fmul
    getdata.o(.text) refers to faddsub_clz.o(x$fpl$fsub) for __aeabi_fsub
    getdata.o(.text) refers to f2d.o(x$fpl$f2d) for __aeabi_f2d
    getdata.o(.text) refers to daddsub_clz.o(x$fpl$dsub) for __aeabi_dsub
    getdata.o(.text) refers to ddiv.o(x$fpl$ddiv) for __aeabi_ddiv
    getdata.o(.text) refers to dmul.o(x$fpl$dmul) for __aeabi_dmul
    getdata.o(.text) refers to d2f.o(x$fpl$d2f) for __aeabi_d2f
    getdata.o(.text) refers to faddsub_clz.o(x$fpl$frsb) for __aeabi_frsub
    getdata.o(.text) refers to getdata.o(.data) for i
    getdata.o(.text) refers to getdata.o(.bss) for rawArrBuff
    getdata.o(.text) refers to faddsub_clz.o(x$fpl$fadd) for __aeabi_fadd
    getdata.o(.text) refers to fleqf.o(x$fpl$fleqf) for __aeabi_cfcmple
    getdata.o(.text) refers to noretval__2printf.o(.text) for __2printf
    getdata.o(.text) refers to stm32f10x_gpio.o(.text) for GPIO_ResetBits
    getdata.o(.text) refers to delay.o(.text) for delay_us
    key.o(.text) refers to stm32f10x_rcc.o(.text) for RCC_APB2PeriphClockCmd
    key.o(.text) refers to stm32f10x_gpio.o(.text) for GPIO_PinRemapConfig
    key.o(.text) refers to stm32f10x_exti.o(.text) for EXTI_Init
    key.o(.text) refers to misc.o(.text) for NVIC_Init
    key.o(.text) refers to delay.o(.text) for delay_ms
    key.o(.text) refers to f2d.o(x$fpl$f2d) for __aeabi_f2d
    key.o(.text) refers to pow.o(i.pow) for pow
    key.o(.text) refers to dmul.o(x$fpl$dmul) for __aeabi_dmul
    key.o(.text) refers to ddiv.o(x$fpl$ddiv) for __aeabi_ddiv
    key.o(.text) refers to d2f.o(x$fpl$d2f) for __aeabi_d2f
    key.o(.text) refers to stmflash.o(.text) for STMFLASH_Write
    key.o(.text) refers to main.o(.data) for Rstflag
    key.o(.text) refers to getdata.o(.data) for data_send
    key.o(.text) refers to key.o(.data) for tem
    key.o(.text) refers to getdata.o(.bss) for R_TEM_1
    key.o(.text) refers to key.o(.bss) for k
    oled.o(.text) refers to stm32f10x_gpio.o(.text) for GPIO_ResetBits
    oled.o(.text) refers to oled.o(.bss) for OLED_GRAM
    oled.o(.text) refers to oled.o(.constdata) for asc2_0806
    oled.o(.text) refers to stm32f10x_rcc.o(.text) for RCC_APB2PeriphClockCmd
    oled.o(.text) refers to delay.o(.text) for delay_ms
    monitor.o(.text) refers to fleqf.o(x$fpl$fleqf) for __aeabi_cfcmple
    monitor.o(.text) refers to frleqf.o(x$fpl$frleqf) for __aeabi_cfrcmple
    monitor.o(.text) refers to stm32f10x_gpio.o(.text) for GPIO_ResetBits
    monitor.o(.text) refers to getdata.o(.bss) for deltadata_V
    monitor.o(.text) refers to monitor.o(.data) for front_count
    ds18b20.o(.text) refers to _printf_percent.o(.ARM.Collect$$_printf_percent$$00000000) for _printf_percent
    ds18b20.o(.text) refers to _printf_f.o(.ARM.Collect$$_printf_percent$$00000003) for _printf_f
    ds18b20.o(.text) refers to printf1.o(x$fpl$printf1) for _printf_fp_dec
    ds18b20.o(.text) refers to stm32f10x_gpio.o(.text) for GPIO_Init
    ds18b20.o(.text) refers to delay.o(.text) for delay_us
    ds18b20.o(.text) refers to dflt_clz.o(x$fpl$dflt) for __aeabi_i2d
[...]
    ..\\SYSTEM\\sys\\sys.c                   0x00000000   Number         0  sys.o ABSOLUTE
    dc.s                                     0x00000000   Number         0  dc.o ABSOLUTE
    main.c                                   0x00000000   Number         0  main.o ABSOLUTE
    stm32f10x_it.c                           0x00000000   Number         0  stm32f10x_it.o ABSOLUTE
    system_stm32f10x.c                       0x00000000   Number         0  system_stm32f10x.o ABSOLUTE
    RESET                                    0x08000000   Section      304  startup_stm32f10x_hd.o(RESET)
    !!!main                                  0x08000130   Section        8  __main.o(!!!main)
    !!!scatter                               0x08000138   Section       52  __scatter.o(!!!scatter)
    !!dclz77c                                0x0800016c   Section      100  __dclz77c.o(!!dclz77c)
    !!handler_zi                             0x080001d0   Section       28  __scatter_zi.o(!!handler_zi)
    .ARM.Collect$$_printf_percent$$00000000  0x080001ec   Section        0  _printf_percent.o(.ARM.Collect$$_printf_percent$$00000000)
    .ARM.Collect$$_printf_percent$$00000003  0x080001ec   Section        6  _printf_f.o(.ARM.Collect$$_printf_percent$$00000003)
    .ARM.Collect$$_printf_percent$$00000017  0x080001f2   Section        4  _printf_percent_end.o(.ARM.Collect$$_printf_percent$$00000017)
    .ARM.Collect$$libinit$$00000000          0x080001f6   Section        2  libinit.o(.ARM.Collect$$libinit$$00000000)
    .ARM.Collect$$libinit$$00000002          0x080001f8   Section        0  libinit2.o(.ARM.Collect$$libinit$$00000002)
    .ARM.Collect$$libinit$$00000004          0x080001f8   Section        0  libinit2.o(.ARM.Collect$$libinit$$00000004)
    .ARM.Collect$$libinit$$0000000A          0x080001f8   Section        0  libinit2.o(.ARM.Collect$$libinit$$0000000A)
    .ARM.Collect$$libinit$$0000000C          0x080001f8   Section        0  libinit2.o(.ARM.Collect$$libinit$$0000000C)
    .ARM.Collect$$libinit$$0000000E          0x080001f8   Section        0  libinit2.o(.ARM.Collect$$libinit$$0000000E)
    .ARM.Collect$$libinit$$0000000F          0x080001f8   Section        6  libinit2.o(.ARM.Collect$$libinit$$0000000F)
    .ARM.Collect$$libinit$$00000011          0x080001fe   Section        0  libinit2.o(.ARM.Collect$$libinit$$00000011)
    .ARM.Collect$$libinit$$00000013          0x080001fe   Section        0  libinit2.o(.ARM.Collect$$libinit$$00000013)
    .ARM.Collect$$libinit$$00000015          0x080001fe   Section        0  libinit2.o(.ARM.Collect$$libinit$$00000015)
    .ARM.Collect$$libinit$$00000016          0x080001fe   Section       10  libinit2.o(.ARM.Collect$$libinit$$00000016)
    .ARM.Collect$$libinit$$00000017          0x08000208   Section        0  libinit2.o(.ARM.Collect$$libinit$$00000017)
    .ARM.Collect$$libinit$$00000019          0x08000208   Section        0  libinit2.o(.ARM.Collect$$libinit$$00000019)
    .ARM.Collect$$libinit$$0000001B          0x08000208   Section        0  libinit2.o(.ARM.Collect$$libinit$$0000001B)
    .ARM.Collect$$libinit$$0000001D          0x08000208   Section        0  libinit2.o(.ARM.Collect$$libinit$$0000001D)
    .ARM.Collect$$libinit$$0000001F          0x08000208   Section        0  libinit2.o(.ARM.Collect$$libinit$$0000001F)
    .ARM.Collect$$libinit$$00000021          0x08000208   Section        0  libinit2.o(.ARM.Collect$$libinit$$00000021)
    .ARM.Collect$$libinit$$00000023          0x08000208   Section        0  libinit2.o(.ARM.Collect$$libinit$$00000023)
    .ARM.Collect$$libinit$$00000025          0x08000208   Section        0  libinit2.o(.ARM.Collect$$libinit$$00000025)
    .ARM.Collect$$libinit$$0000002C          0x08000208   Section        0  libinit2.o(.ARM.Collect$$libinit$$0000002C)
    .ARM.Collect$$libinit$$0000002E          0x08000208   Section        0  libinit2.o(.ARM.Collect$$libinit$$0000002E)
    .ARM.Collect$$libinit$$00000030          0x08000208   Section        0  libinit2.o(.ARM.Collect$$libinit$$00000030)
    .ARM.Collect$$libinit$$00000032          0x08000208   Section        0  libinit2.o(.ARM.Collect$$libinit$$00000032)
    .ARM.Collect$$libinit$$00000033          0x08000208   Section        2  libinit2.o(.ARM.Collect$$libinit$$00000033)
    .ARM.Collect$$libshutdown$$00000000      0x0800020a   Section        2  libshutdown.o(.ARM.Collect$$libshutdown$$00000000)
    .ARM.Collect$$libshutdown$$00000002      0x0800020c   Section        0  libshutdown2.o(.ARM.Collect$$libshutdown$$00000002)
    .ARM.Collect$$libshutdown$$00000004      0x0800020c   Section        0  libshutdown2.o(.ARM.Collect$$libshutdown$$00000004)
    .ARM.Collect$$libshutdown$$00000006      0x0800020c   Section        0  libshutdown2.o(.ARM.Collect$$libshutdown$$00000006)
    .ARM.Collect$$libshutdown$$00000009      0x0800020c   Section        0  libshutdown2.o(.ARM.Collect$$libshutdown$$00000009)
    .ARM.Collect$$libshutdown$$0000000C      0x0800020c   Section        0  libshutdown2.o(.ARM.Collect$$libshutdown$$0000000C)
    .ARM.Collect$$libshutdown$$0000000E      0x0800020c   Section        0  libshutdown2.o(.ARM.Collect$$libshutdown$$0000000E)
    .ARM.Collect$$libshutdown$$00000011      0x0800020c   Section        0  libshutdown2.o(.ARM.Collect$$libshutdown$$00000011)
    .ARM.Collect$$libshutdown$$00000012      0x0800020c   Section        2  libshutdown2.o(.ARM.Collect$$libshutdown$$00000012)
    .ARM.Collect$$rtentry$$00000000          0x0800020e   Section        0  __rtentry.o(.ARM.Collect$$rtentry$$00000000)
    .ARM.Collect$$rtentry$$00000002          0x0800020e   Section        0  __rtentry2.o(.ARM.Collect$$rtentry$$00000002)
    .ARM.Collect$$rtentry$$00000004          0x0800020e   Section        6  __rtentry4.o(.ARM.Collect$$rtentry$$00000004)
    .ARM.Collect$$rtentry$$00000009          0x08000214   Section        0  __rtentry2.o(.ARM.Collect$$rtentry$$00000009)
    .ARM.Collect$$rtentry$$0000000A          0x08000214   Section        4  __rtentry2.o(.ARM.Collect$$rtentry$$0000000A)
    .ARM.Collect$$rtentry$$0000000C          0x08000218   Section        0  __rtentry2.o(.ARM.Collect$$rtentry$$0000000C)
    .ARM.Collect$$rtentry$$0000000D          0x08000218   Section        8  __rtentry2.o(.ARM.Collect$$rtentry$$0000000D)
    .ARM.Collect$$rtexit$$00000000           0x08000220   Section        2  rtexit.o(.ARM.Collect$$rtexit$$00000000)
    .ARM.Collect$$rtexit$$00000002           0x08000222   Section        0  rtexit2.o(.ARM.Collect$$rtexit$$00000002)
    .ARM.Collect$$rtexit$$00000003           0x08000222   Section        4  rtexit2.o(.ARM.Collect$$rtexit$$00000003)
    .ARM.Collect$$rtexit$$00000004           0x08000226   Section        6  rtexit2.o(.ARM.Collect$$rtexit$$00000004)
    .text                                    0x0800022c   Section        0  main.o(.text)
    .text                                    0x080002c8   Section        0  stm32f10x_it.o(.text)
    .text                                    0x080002e4   Section        0  system_stm32f10x.o(.text)
    SetSysClockTo72                          0x080003d3   Thumb Code   214  system_stm32f10x.o(.text)
    SetSysClock                              0x080004a9   Thumb Code     8  system_stm32f10x.o(.text)
    .text                                    0x080004c8   Section        0  gpio.o(.text)
    .text                                    0x080005c8   Section        0  ad7606.o(.text)
    .text                                    0x080007a4   Section        0  rs2103.o(.text)
    .text                                    0x08000940   Section        0  getdata.o(.text)
    .text                                    0x080013e8   Section        0  key.o(.text)
    .text                                    0x080015f8   Section        0  stmflash.o(.text)
    .text                                    0x0800173c   Section        0  delay.o(.text)
    .text                                    0x08001810   Section        0  usart.o(.text)
    .text                                    0x08001950   Section       64  startup_stm32f10x_hd.o(.text)
    .text                                    0x08001990   Section        0  stm32f10x_gpio.o(.text)
    .text                                    0x08001cec   Section        0  stm32f10x_rcc.o(.text)
    .text                                    0x08002090   Section        0  stm32f10x_usart.o(.text)
    .text                                    0x08002498   Section        0  misc.o(.text)
    .text                                    0x08002574   Section        0  stm32f10x_exti.o(.text)
    .text                                    0x08002690   Section        0  stm32f10x_flash.o(.text)
    .text                                    0x08002c4c   Section        2  use_no_semi_2.o(.text)
    .text                                    0x08002c50   Section        0  noretval__2printf.o(.text)
    .text                                    0x08002c68   Section        0  __printf_wp.o(.text)
    .text                                    0x08002d76   Section        0  heapauxi.o(.text)
    .text                                    0x08002d7c   Section        2  use_no_semi.o(.text)
    .text                                    0x08002d7e   Section        0  _rserrno.o(.text)
    .text                                    0x08002d94   Section        0  _printf_fp_dec.o(.text)
    _fp_digits                               0x08002d97   Thumb Code   432  _printf_fp_dec.o(.text)
    .text                                    0x080031b4   Section        0  _printf_char_file.o(.text)
    .text                                    0x080031d8   Section        8  rt_locale_intlibspace.o(.text)
    .text                                    0x080031e0   Section        8  rt_errno_addr_intlibspace.o(.text)
    .text                                    0x080031e8   Section      138  lludiv10.o(.text)
    .text                                    0x08003274   Section        0  _printf_char_common.o(.text)
    _printf_input_char                       0x08003275   Thumb Code    10  _printf_char_common.o(.text)
    .text                                    0x080032a4   Section        0  _printf_fp_infnan.o(.text)
    .text                                    0x08003324   Section        0  bigflt0.o(.text)
    .text                                    0x08003408   Section        0  ferror.o(.text)
    .text                                    0x08003410   Section        8  libspace.o(.text)
    .text                                    0x08003418   Section       74  sys_stackheap_outer.o(.text)
    .text                                    0x08003462   Section        0  exit.o(.text)
    .text                                    0x08003474   Section      128  strcmpv7m.o(.text)
    CL$$btod_d2e                             0x080034f4   Section       62  btod.o(CL$$btod_d2e)
    CL$$btod_d2e_denorm_low                  0x08003532   Section       70  btod.o(CL$$btod_d2e_denorm_low)
    CL$$btod_d2e_norm_op1                    0x08003578   Section       96  btod.o(CL$$btod_d2e_norm_op1)
    CL$$btod_div_common                      0x080035d8   Section      824  btod.o(CL$$btod_div_common)
    CL$$btod_e2e                             0x08003910   Section      220  btod.o(CL$$btod_e2e)
    CL$$btod_ediv                            0x080039ec   Section       42  btod.o(CL$$btod_ediv)
    CL$$btod_emul                            0x08003a16   Section       42  btod.o(CL$$btod_emul)
    CL$$btod_mult_common                     0x08003a40   Section      580  btod.o(CL$$btod_mult_common)
    i.__ARM_fpclassify                       0x08003c84   Section        0  fpclassify.o(i.__ARM_fpclassify)
    i.__kernel_poly                          0x08003cac   Section        0  poly.o(i.__kernel_poly)
    i.__mathlib_dbl_divzero                  0x08003d58   Section        0  dunder.o(i.__mathlib_dbl_divzero)
    i.__mathlib_dbl_infnan2                  0x08003d68   Section        0  dunder.o(i.__mathlib_dbl_infnan2)
    i.__mathlib_dbl_invalid                  0x08003d6c   Section        0  dunder.o(i.__mathlib_dbl_invalid)
    i.__mathlib_dbl_overflow                 0x08003d78   Section        0  dunder.o(i.__mathlib_dbl_overflow)
    i.__mathlib_dbl_underflow                0x08003d88   Section        0  dunder.o(i.__mathlib_dbl_underflow)
    i._is_digit                              0x08003d98   Section        0  __printf_wp.o(i._is_digit)
    i.pow                                    0x08003da8   Section        0  pow.o(i.pow)
    i.sqrt                                   0x08004780   Section        0  sqrt.o(i.sqrt)
    locale$$code                             0x080047cc   Section       44  lc_numeric_c.o(locale$$code)
    x$fpl$d2f                                0x080047f8   Section       98  d2f.o(x$fpl$d2f)
    x$fpl$dadd                               0x0800485c   Section      336  daddsub_clz.o(x$fpl$dadd)
    _dadd1                                   0x0800486d   Thumb Code     0  daddsub_clz.o(x$fpl$dadd)
    x$fpl$dcheck1                            0x080049ac   Section       16  dcheck1.o(x$fpl$dcheck1)
    x$fpl$dcmpinf                            0x080049bc   Section       24  dcmpi.o(x$fpl$dcmpinf)
    x$fpl$ddiv                               0x080049d4   Section      688  ddiv.o(x$fpl$ddiv)
    ddiv_entry                               0x080049db   Thumb Code     0  ddiv.o(x$fpl$ddiv)
    x$fpl$dflt                               0x08004c84   Section       46  dflt_clz.o(x$fpl$dflt)
    x$fpl$dleqf                              0x08004cb4   Section      120  dleqf.o(x$fpl$dleqf)
    x$fpl$dmul                               0x08004d2c   Section      340  dmul.o(x$fpl$dmul)
    x$fpl$dnaninf                            0x08004e80   Section      156  dnaninf.o(x$fpl$dnaninf)
    x$fpl$dretinf                            0x08004f1c   Section       12  dretinf.o(x$fpl$dretinf)
    x$fpl$drleqf                             0x08004f28   Section      108  drleqf.o(x$fpl$drleqf)
    x$fpl$drsb                               0x08004f94   Section       22  daddsub_clz.o(x$fpl$drsb)
    x$fpl$dsqrt                              0x08004fac   Section      460  dsqrt_noumaal.o(x$fpl$dsqrt)
    x$fpl$dsub                               0x08005178   Section      468  daddsub_clz.o(x$fpl$dsub)
    _dsub1                                   0x08005189   Thumb Code     0  daddsub_clz.o(x$fpl$dsub)
    x$fpl$f2d                                0x0800534c   Section       86  f2d.o(x$fpl$f2d)
    x$fpl$fadd                               0x080053a4   Section      196  faddsub_clz.o(x$fpl$fadd)
    _fadd1                                   0x080053b3   Thumb Code     0  faddsub_clz.o(x$fpl$fadd)
    x$fpl$fcmpinf                            0x08005468   Section       24  fcmpi.o(x$fpl$fcmpinf)
    x$fpl$fdiv                               0x08005480   Section      388  fdiv.o(x$fpl$fdiv)
    _fdiv1                                   0x08005481   Thumb Code     0  fdiv.o(x$fpl$fdiv)
    x$fpl$fflt                               0x08005604   Section       48  fflt_clz.o(x$fpl$fflt)
    x$fpl$fleqf                              0x08005634   Section      104  fleqf.o(x$fpl$fleqf)
    x$fpl$fmul                               0x0800569c   Section      258  fmul.o(x$fpl$fmul)
    x$fpl$fnaninf                            0x0800579e   Section      140  fnaninf.o(x$fpl$fnaninf)
    x$fpl$fretinf                            0x0800582a   Section       10  fretinf.o(x$fpl$fretinf)
    x$fpl$frsb                               0x08005834   Section       20  faddsub_clz.o(x$fpl$frsb)
    x$fpl$fsub                               0x08005848   Section      234  faddsub_clz.o(x$fpl$fsub)
    _fsub1                                   0x08005857   Thumb Code     0  faddsub_clz.o(x$fpl$fsub)
    x$fpl$printf1                            0x08005932   Section        4  printf1.o(x$fpl$printf1)
    x$fpl$retnan                             0x08005936   Section      100  retnan.o(x$fpl$retnan)
    x$fpl$scalbn                             0x0800599a   Section       92  scalbn.o(x$fpl$scalbn)
    x$fpl$trapveneer                         0x080059f6   Section       48  trapv.o(x$fpl$trapveneer)
    x$fpl$usenofp                            0x08005a26   Section        0  usenofp.o(x$fpl$usenofp)
    .constdata                               0x08005a28   Section      136  pow.o(.constdata)
    bp                                       0x08005a28   Data          16  pow.o(.constdata)
    dp_h                                     0x08005a38   Data          16  pow.o(.constdata)
    dp_l                                     0x08005a48   Data          16  pow.o(.constdata)
    L                                        0x08005a58   Data          48  pow.o(.constdata)
    P                                        0x08005a88   Data          40  pow.o(.constdata)
    .constdata                               0x08005ab0   Section        8  qnan.o(.constdata)
    .constdata                               0x08005ab8   Section      148  bigflt0.o(.constdata)
    tenpwrs_x                                0x08005ab8   Data          60  bigflt0.o(.constdata)
    tenpwrs_i                                0x08005af4   Data          64  bigflt0.o(.constdata)
    locale$$data                             0x08005b6c   Section       28  lc_numeric_c.o(locale$$data)
    __lcnum_c_name                           0x08005b70   Data           2  lc_numeric_c.o(locale$$data)
    __lcnum_c_start                          0x08005b78   Data           0  lc_numeric_c.o(locale$$data)
    __lcnum_c_point                          0x08005b84   Data           0  lc_numeric_c.o(locale$$data)
    __lcnum_c_thousands                      0x08005b86   Data           0  lc_numeric_c.o(locale$$data)
    __lcnum_c_grouping                       0x08005b87   Data           0  lc_numeric_c.o(locale$$data)
    __lcnum_c_end                            0x08005b88   Data           0  lc_numeric_c.o(locale$$data)
    .data                                    0x20000000   Section     2064  main.o(.data)
    .data                                    0x20000810   Section       20  system_stm32f10x.o(.data)
    .data                                    0x20000824   Section       76  getdata.o(.data)
    .data                                    0x20000870   Section       32  key.o(.data)
    .data                                    0x20000890   Section        4  delay.o(.data)
    fac_us                                   0x20000890   Data           1  delay.o(.data)
    fac_ms                                   0x20000892   Data           2  delay.o(.data)
    .data                                    0x20000894   Section        6  usart.o(.data)
    .data                                    0x2000089a   Section       20  stm32f10x_rcc.o(.data)
    APBAHBPrescTable                         0x2000089a   Data          16  stm32f10x_rcc.o(.data)
    ADCPrescTable                            0x200008aa   Data           4  stm32f10x_rcc.o(.data)
    .bss                                     0x200008b0   Section     6236  getdata.o(.bss)
    .bss                                     0x2000210c   Section      184  key.o(.bss)
    .bss                                     0x200021c4   Section     2048  stmflash.o(.bss)
    .bss                                     0x200029c4   Section      200  usart.o(.bss)
    .bss                                     0x20002a8c   Section       96  libspace.o(.bss)
    HEAP                                     0x20002af0   Section      512  startup_stm32f10x_hd.o(HEAP)
    Heap_Mem                                 0x20002af0   Data         512  startup_stm32f10x_hd.o(HEAP)
    STACK                                    0x20002cf0   Section     1024  startup_stm32f10x_hd.o(STACK)
    Stack_Mem                                0x20002cf0   Data        1024  startup_stm32f10x_hd.o(STACK)
    __initial_sp                             0x200030f0   Data           0  startup_stm32f10x_hd.o(STACK)

    Global Symbols

    Symbol Name                              Value     Ov Type        Size  Object(Section)

    BuildAttributes$$THM_ISAv4$P$D$K$B$S$PE$A:L22UL41UL21$X:L11$S22US41US21$IEEE1$IW$USESV6$~STKCKD$USESV7$~SHL$OTIME$ROPI$IEEEX$EBA8$UX$STANDARDLIB$REQ8$PRES8$EABIv2 0x00000000   Number         0  anon$$obj.o ABSOLUTE
    __ARM_use_no_argv                        0x00000000   Number         0  main.o ABSOLUTE
    _printf_flags                            0x00000000   Number         0  printf_stubs.o ABSOLUTE
    _printf_return_value                     0x00000000   Number         0  printf_stubs.o ABSOLUTE
    _printf_sizespec                         0x00000000   Number         0  printf_stubs.o ABSOLUTE
    _printf_widthprec                        0x00000000   Number         0  printf_stubs.o ABSOLUTE
    __ARM_exceptions_init                     - Undefined Weak Reference
    __alloca_initialize                       - Undefined Weak Reference
    __arm_fini_                               - Undefined Weak Reference
    __arm_preinit_                            - Undefined Weak Reference
    __cpp_initialize__aeabi_                  - Undefined Weak Reference
    __cxa_finalize                            - Undefined Weak Reference
    __sigvec_lookup                           - Undefined Weak Reference
    _atexit_init                              - Undefined Weak Reference
    _call_atexit_fns                          - Undefined Weak Reference
    _clock_init                               - Undefined Weak Reference
    _fp_trap_init                             - Undefined Weak Reference
    _fp_trap_shutdown                         - Undefined Weak Reference
    _get_lc_collate                           - Undefined Weak Reference
    _get_lc_ctype                             - Undefined Weak Reference
    _get_lc_monetary                          - Undefined Weak Reference
    _get_lc_time                              - Undefined Weak Reference
    _getenv_init                              - Undefined Weak Reference
    _handle_redirection                       - Undefined Weak Reference
    _init_alloc                               - Undefined Weak Reference
    _init_user_alloc                          - Undefined Weak Reference
    _initio                                   - Undefined Weak Reference
    _mutex_acquire                            - Undefined Weak Reference
    _mutex_release                            - Undefined Weak Reference
    _printf_post_padding                      - Undefined Weak Reference
    _printf_pre_padding                       - Undefined Weak Reference
    _rand_init                                - Undefined Weak Reference
    _signal_finish                            - Undefined Weak Reference
    _signal_init                              - Undefined Weak Reference
    _terminate_alloc                          - Undefined Weak Reference
    _terminate_user_alloc                     - Undefined Weak Reference
    _terminateio                              - Undefined Weak Reference
    __Vectors_Size                           0x00000130   Number         0  startup_stm32f10x_hd.o ABSOLUTE
    __Vectors                                0x08000000   Data           4  startup_stm32f10x_hd.o(RESET)
    __Vectors_End                            0x08000130   Data           0  startup_stm32f10x_hd.o(RESET)
    __main                                   0x08000131   Thumb Code     8  __main.o(!!!main)
    __scatterload                            0x08000139   Thumb Code     0  __scatter.o(!!!scatter)
    __scatterload_rt2                        0x08000139   Thumb Code    44  __scatter.o(!!!scatter)
    __scatterload_rt2_thumb_only             0x08000139   Thumb Code     0  __scatter.o(!!!scatter)
    __scatterload_null                       0x08000147   Thumb Code     0  __scatter.o(!!!scatter)
    __decompress                             0x0800016d   Thumb Code   100  __dclz77c.o(!!dclz77c)
    __decompress2                            0x0800016d   Thumb Code     0  __dclz77c.o(!!dclz77c)
    __scatterload_zeroinit                   0x080001d1   Thumb Code    28  __scatter_zi.o(!!handler_zi)
    _printf_f                                0x080001ed   Thumb Code     0  _printf_f.o(.ARM.Collect$$_printf_percent$$00000003)
    _printf_percent                          0x080001ed   Thumb Code     0  _printf_percent.o(.ARM.Collect$$_printf_percent$$00000000)
    _printf_percent_end                      0x080001f3   Thumb Code     0  _printf_percent_end.o(.ARM.Collect$$_printf_percent$$00000017)
    __rt_lib_init                            0x080001f7   Thumb Code     0  libinit.o(.ARM.Collect$$libinit$$00000000)
    __rt_lib_init_fp_1                       0x080001f9   Thumb Code     0  libinit2.o(.ARM.Collect$$libinit$$00000002)
    __rt_lib_init_heap_1                     0x080001f9   Thumb Code     0  libinit2.o(.ARM.Collect$$libinit$$0000000A)
    __rt_lib_init_lc_common                  0x080001f9   Thumb Code     0  libinit2.o(.ARM.Collect$$libinit$$0000000F)
    __rt_lib_init_preinit_1                  0x080001f9   Thumb Code     0  libinit2.o(.ARM.Collect$$libinit$$00000004)
    __rt_lib_init_rand_1                     0x080001f9   Thumb Code     0  libinit2.o(.ARM.Collect$$libinit$$0000000E)
    __rt_lib_init_user_alloc_1               0x080001f9   Thumb Code     0  libinit2.o(.ARM.Collect$$libinit$$0000000C)
    __rt_lib_init_lc_collate_1               0x080001ff   Thumb Code     0  libinit2.o(.ARM.Collect$$libinit$$00000011)
    __rt_lib_init_lc_ctype_1                 0x080001ff   Thumb Code     0  libinit2.o(.ARM.Collect$$libinit$$00000013)
    __rt_lib_init_lc_monetary_1              0x080001ff   Thumb Code     0  libinit2.o(.ARM.Collect$$libinit$$00000015)
    __rt_lib_init_lc_numeric_2               0x080001ff   Thumb Code     0  libinit2.o(.ARM.Collect$$libinit$$00000016)
    __rt_lib_init_alloca_1                   0x08000209   Thumb Code     0  libinit2.o(.ARM.Collect$$libinit$$0000002E)
    __rt_lib_init_argv_1                     0x08000209   Thumb Code     0  libinit2.o(.ARM.Collect$$libinit$$0000002C)
    __rt_lib_init_atexit_1                   0x08000209   Thumb Code     0  libinit2.o(.ARM.Collect$$libinit$$0000001B)
    __rt_lib_init_clock_1                    0x08000209   Thumb Code     0  libinit2.o(.ARM.Collect$$libinit$$00000021)
    __rt_lib_init_cpp_1                      0x08000209   Thumb Code     0  libinit2.o(.ARM.Collect$$libinit$$00000032)
    __rt_lib_init_exceptions_1               0x08000209   Thumb Code     0  libinit2.o(.ARM.Collect$$libinit$$00000030)
    __rt_lib_init_fp_trap_1                  0x08000209   Thumb Code     0  libinit2.o(.ARM.Collect$$libinit$$0000001F)
    __rt_lib_init_getenv_1                   0x08000209   Thumb Code     0  libinit2.o(.ARM.Collect$$libinit$$00000023)
    __rt_lib_init_lc_numeric_1               0x08000209   Thumb Code     0  libinit2.o(.ARM.Collect$$libinit$$00000017)
    __rt_lib_init_lc_time_1                  0x08000209   Thumb Code     0  libinit2.o(.ARM.Collect$$libinit$$00000019)
    __rt_lib_init_return                     0x08000209   Thumb Code     0  libinit2.o(.ARM.Collect$$libinit$$00000033)
    __rt_lib_init_signal_1                   0x08000209   Thumb Code     0  libinit2.o(.ARM.Collect$$libinit$$0000001D)
    __rt_lib_init_stdio_1                    0x08000209   Thumb Code     0  libinit2.o(.ARM.Collect$$libinit$$00000025)
    __rt_lib_shutdown                        0x0800020b   Thumb Code     0  libshutdown.o(.ARM.Collect$$libshutdown$$00000000)
    __rt_lib_shutdown_cpp_1                  0x0800020d   Thumb Code     0  libshutdown2.o(.ARM.Collect$$libshutdown$$00000004)
    __rt_lib_shutdown_fini_1                 0x0800020d   Thumb Code     0  libshutdown2.o(.ARM.Collect$$libshutdown$$00000002)
    __rt_lib_shutdown_fp_trap_1              0x0800020d   Thumb Code     0  libshutdown2.o(.ARM.Collect$$libshutdown$$00000009)
    __rt_lib_shutdown_heap_1                 0x0800020d   Thumb Code     0  libshutdown2.o(.ARM.Collect$$libshutdown$$00000011)
    __rt_lib_shutdown_return                 0x0800020d   Thumb Code     0  libshutdown2.o(.ARM.Collect$$libshutdown$$00000012)
    __rt_lib_shutdown_signal_1               0x0800020d   Thumb Code     0  libshutdown2.o(.ARM.Collect$$libshutdown$$0000000C)
    __rt_lib_shutdown_stdio_1                0x0800020d   Thumb Code     0  libshutdown2.o(.ARM.Collect$$libshutdown$$00000006)
    __rt_lib_shutdown_user_alloc_1           0x0800020d   Thumb Code     0  libshutdown2.o(.ARM.Collect$$libshutdown$$0000000E)
    __rt_entry                               0x0800020f   Thumb Code     0  __rtentry.o(.ARM.Collect$$rtentry$$00000000)
    __rt_entry_presh_1                       0x0800020f   Thumb Code     0  __rtentry2.o(.ARM.Collect$$rtentry$$00000002)
    __rt_entry_sh                            0x0800020f   Thumb Code     0  __rtentry4.o(.ARM.Collect$$rtentry$$00000004)
    __rt_entry_li                            0x08000215   Thumb Code     0  __rtentry2.o(.ARM.Collect$$rtentry$$0000000A)
    __rt_entry_postsh_1                      0x08000215   Thumb Code     0  __rtentry2.o(.ARM.Collect$$rtentry$$00000009)
    __rt_entry_main                          0x08000219   Thumb Code     0  __rtentry2.o(.ARM.Collect$$rtentry$$0000000D)
    __rt_entry_postli_1                      0x08000219   Thumb Code     0  __rtentry2.o(.ARM.Collect$$rtentry$$0000000C)
    __rt_exit                                0x08000221   Thumb Code     0  rtexit.o(.ARM.Collect$$rtexit$$00000000)
    __rt_exit_ls                             0x08000223   Thumb Code     0  rtexit2.o(.ARM.Collect$$rtexit$$00000003)
    __rt_exit_prels_1                        0x08000223   Thumb Code     0  rtexit2.o(.ARM.Collect$$rtexit$$00000002)
    __rt_exit_exit                           0x08000227   Thumb Code     0  rtexit2.o(.ARM.Collect$$rtexit$$00000004)
    main                                     0x0800022d   Thumb Code   128  main.o(.text)
    NMI_Handler                              0x080002c9   Thumb Code     2  stm32f10x_it.o(.text)
    HardFault_Handler                        0x080002cb   Thumb Code     4  stm32f10x_it.o(.text)
    MemManage_Handler                        0x080002cf   Thumb Code     4  stm32f10x_it.o(.text)
    BusFault_Handler                         0x080002d3   Thumb Code     4  stm32f10x_it.o(.text)
    UsageFault_Handler                       0x080002d7   Thumb Code     4  stm32f10x_it.o(.text)
    SVC_Handler                              0x080002db   Thumb Code     2  stm32f10x_it.o(.text)
    DebugMon_Handler                         0x080002dd   Thumb Code     2  stm32f10x_it.o(.text)
    PendSV_Handler                           0x080002df   Thumb Code     2  stm32f10x_it.o(.text)
    SysTick_Handler                          0x080002e1   Thumb Code     2  stm32f10x_it.o(.text)
    SystemInit                               0x080002e5   Thumb Code    96  system_stm32f10x.o(.text)
    SystemCoreClockUpdate                    0x08000345   Thumb Code   142  system_stm32f10x.o(.text)
    gpio_init                                0x080004c9   Thumb Code   236  gpio.o(.text)
    delay                                    0x080005c9   Thumb Code    14  ad7606.o(.text)
    AD7606_1_startconvst                     0x080005d7   Thumb Code    28  ad7606.o(.text)
    AD7606_2_startconvst                     0x080005f3   Thumb Code    32  ad7606.o(.text)
    AD7606_NEXT                              0x08000613   Thumb Code    46  ad7606.o(.text)
    AD7606_1_reset                           0x08000641   Thumb Code    34  ad7606.o(.text)
    AD7606_2_reset                           0x08000663   Thumb Code    40  ad7606.o(.text)
    AD7606_1_readOneData                     0x0800068b   Thumb Code    34  ad7606.o(.text)
    AD7606_2_readOneData                     0x080006ad   Thumb Code    34  ad7606.o(.text)
    AD7606_read16Data                        0x080006cf   Thumb Code   172  ad7606.o(.text)
    AD7606_init                              0x0800077b   Thumb Code    20  ad7606.o(.text)
    BL1151_VCC                               0x080007a5   Thumb Code   200  rs2103.o(.text)
    BL1151_GND                               0x0800086d   Thumb Code   200  rs2103.o(.text)
    setR0                                    0x08000941   Thumb Code   140  getdata.o(.text)
    setArray                                 0x080009cd   Thumb Code    72  getdata.o(.text)
    senddeltaR                               0x08000a15   Thumb Code  2230  getdata.o(.text)
    twinkle_blueLED                          0x080012cb   Thumb Code    30  getdata.o(.text)
    twinkle_redLED                           0x080012e9   Thumb Code   110  getdata.o(.text)
    twinkle_greenLED                         0x08001357   Thumb Code    94  getdata.o(.text)
    KEY_Init                                 0x080013e9   Thumb Code    62  key.o(.text)
    EXTIX_Init                               0x08001427   Thumb Code   146  key.o(.text)
    EXTI0_IRQHandler                         0x080014b9   Thumb Code    58  key.o(.text)
    EXTI15_10_IRQHandler                     0x080014f3   Thumb Code   192  key.o(.text)
    STMFLASH_ReadHalfWord                    0x080015f9   Thumb Code     6  stmflash.o(.text)
    STMFLASH_Write_NoCheck                   0x080015ff   Thumb Code    38  stmflash.o(.text)
    STMFLASH_Read                            0x08001625   Thumb Code    34  stmflash.o(.text)
    STMFLASH_Write                           0x08001647   Thumb Code   222  stmflash.o(.text)
    Test_Write                               0x08001725   Thumb Code    16  stmflash.o(.text)
    delay_init                               0x0800173d   Thumb Code    50  delay.o(.text)
    delay_us                                 0x0800176f   Thumb Code    72  delay.o(.text)
    delay_ms                                 0x080017b7   Thumb Code    72  delay.o(.text)
    _sys_exit                                0x08001811   Thumb Code     6  usart.o(.text)
    fputc                                    0x08001817   Thumb Code    24  usart.o(.text)
    uart_init                                0x0800182f   Thumb Code   152  usart.o(.text)
    USART1_IRQHandler                        0x080018c7   Thumb Code   122  usart.o(.text)
    Reset_Handler                            0x08001951   Thumb Code     8  startup_stm32f10x_hd.o(.text)
    ADC1_2_IRQHandler                        0x0800196b   Thumb Code     0  startup_stm32f10x_hd.o(.text)
    ADC3_IRQHandler                          0x0800196b   Thumb Code     0  startup_stm32f10x_hd.o(.text)
    CAN1_RX1_IRQHandler                      0x0800196b   Thumb Code     0  startup_stm32f10x_hd.o(.text)
    CAN1_SCE_IRQHandler                      0x0800196b   Thumb Code     0  startup_stm32f10x_hd.o(.text)
    DMA1_Channel1_IRQHandler                 0x0800196b   Thumb Code     0  startup_stm32f10x_hd.o(.text)
    DMA1_Channel2_IRQHandler                 0x0800196b   Thumb Code     0  startup_stm32f10x_hd.o(.text)
    DMA1_Channel3_IRQHandler                 0x0800196b   Thumb Code     0  startup_stm32f10x_hd.o(.text)
    DMA1_Channel4_IRQHandler                 0x0800196b   Thumb Code     0  startup_stm32f10x_hd.o(.text)
    DMA1_Channel5_IRQHandler                 0x0800196b   Thumb Code     0  startup_stm32f10x_hd.o(.text)
    DMA1_Channel6_IRQHandler                 0x0800196b   Thumb Code     0  startup_stm32f10x_hd.o(.text)
    DMA1_Channel7_IRQHandler                 0x0800196b   Thumb Code     0  startup_stm32f10x_hd.o(.text)
    DMA2_Channel1_IRQHandler                 0x0800196b   Thumb Code     0  startup_stm32f10x_hd.o(.text)
    DMA2_Channel2_IRQHandler                 0x0800196b   Thumb Code     0  startup_stm32f10x_hd.o(.text)
    DMA2_Channel3_IRQHandler                 0x0800196b   Thumb Code     0  startup_stm32f10x_hd.o(.text)
    DMA2_Channel4_5_IRQHandler               0x0800196b   Thumb Code     0  startup_stm32f10x_hd.o(.text)
    EXTI1_IRQHandler                         0x0800196b   Thumb Code     0  startup_stm32f10x_hd.o(.text)
    EXTI2_IRQHandler                         0x0800196b   Thumb Code     0  startup_stm32f10x_hd.o(.text)
    EXTI3_IRQHandler                         0x0800196b   Thumb Code     0  startup_stm32f10x_hd.o(.text)
    EXTI4_IRQHandler                         0x0800196b   Thumb Code     0  startup_stm32f10x_hd.o(.text)
    EXTI9_5_IRQHandler                       0x0800196b   Thumb Code     0  startup_stm32f10x_hd.o(.text)
    FLASH_IRQHandler                         0x0800196b   Thumb Code     0  startup_stm32f10x_hd.o(.text)
    FSMC_IRQHandler                          0x0800196b   Thumb Code     0  startup_stm32f10x_hd.o(.text)
    I2C1_ER_IRQHandler                       0x0800196b   Thumb Code     0  startup_stm32f10x_hd.o(.text)
    I2C1_EV_IRQHandler                       0x0800196b   Thumb Code     0  startup_stm32f10x_hd.o(.text)
    I2C2_ER_IRQHandler                       0x0800196b   Thumb Code     0  startup_stm32f10x_hd.o(.text)
    I2C2_EV_IRQHandler                       0x0800196b   Thumb Code     0  startup_stm32f10x_hd.o(.text)
    PVD_IRQHandler                           0x0800196b   Thumb Code     0  startup_stm32f10x_hd.o(.text)
    RCC_IRQHandler                           0x0800196b   Thumb Code     0  startup_stm32f10x_hd.o(.text)
    RTCAlarm_IRQHandler                      0x0800196b   Thumb Code     0  startup_stm32f10x_hd.o(.text)
    RTC_IRQHandler                           0x0800196b   Thumb Code     0  startup_stm32f10x_hd.o(.text)
    SDIO_IRQHandler                          0x0800196b   Thumb Code     0  startup_stm32f10x_hd.o(.text)
    SPI1_IRQHandler                          0x0800196b   Thumb Code     0  startup_stm32f10x_hd.o(.text)
    SPI2_IRQHandler                          0x0800196b   Thumb Code     0  startup_stm32f10x_hd.o(.text)
    SPI3_IRQHandler                          0x0800196b   Thumb Code     0  startup_stm32f10x_hd.o(.text)
    TAMPER_IRQHandler                        0x0800196b   Thumb Code     0  startup_stm32f10x_hd.o(.text)
    TIM1_BRK_IRQHandler                      0x0800196b   Thumb Code     0  startup_stm32f10x_hd.o(.text)
    TIM1_CC_IRQHandler                       0x0800196b   Thumb Code     0  startup_stm32f10x_hd.o(.text)
    TIM1_TRG_COM_IRQHandler                  0x0800196b   Thumb Code     0  startup_stm32f10x_hd.o(.text)
    TIM1_UP_IRQHandler                       0x0800196b   Thumb Code     0  startup_stm32f10x_hd.o(.text)
    TIM2_IRQHandler                          0x0800196b   Thumb Code     0  startup_stm32f10x_hd.o(.text)
    TIM3_IRQHandler                          0x0800196b   Thumb Code     0  startup_stm32f10x_hd.o(.text)
    TIM4_IRQHandler                          0x0800196b   Thumb Code     0  startup_stm32f10x_hd.o(.text)
    TIM5_IRQHandler                          0x0800196b   Thumb Code     0  startup_stm32f10x_hd.o(.text)
    TIM6_IRQHandler                          0x0800196b   Thumb Code     0  startup_stm32f10x_hd.o(.text)
    TIM7_IRQHandler                          0x0800196b   Thumb Code     0  startup_stm32f10x_hd.o(.text)
    TIM8_BRK_IRQHandler                      0x0800196b   Thumb Code     0  startup_stm32f10x_hd.o(.text)
    TIM8_CC_IRQHandler                       0x0800196b   Thumb Code     0  startup_stm32f10x_hd.o(.text)
    TIM8_TRG_COM_IRQHandler                  0x0800196b   Thumb Code     0  startup_stm32f10x_hd.o(.text)
    TIM8_UP_IRQHandler                       0x0800196b   Thumb Code     0  startup_stm32f10x_hd.o(.text)
    UART4_IRQHandler                         0x0800196b   Thumb Code     0  startup_stm32f10x_hd.o(.text)
    UART5_IRQHandler                         0x0800196b   Thumb Code     0  startup_stm32f10x_hd.o(.text)
    USART2_IRQHandler                        0x0800196b   Thumb Code     0  startup_stm32f10x_hd.o(.text)
    USART3_IRQHandler                        0x0800196b   Thumb Code     0  startup_stm32f10x_hd.o(.text)
    USBWakeUp_IRQHandler                     0x0800196b   Thumb Code     0  startup_stm32f10x_hd.o(.text)
    USB_HP_CAN1_TX_IRQHandler                0x0800196b   Thumb Code     0  startup_stm32f10x_hd.o(.text)
    USB_LP_CAN1_RX0_IRQHandler               0x0800196b   Thumb Code     0  startup_stm32f10x_hd.o(.text)
    WWDG_IRQHandler                          0x0800196b   Thumb Code     0  startup_stm32f10x_hd.o(.text)
    __user_initial_stackheap                 0x0800196d   Thumb Code     0  startup_stm32f10x_hd.o(.text)
    GPIO_DeInit                              0x08001991   Thumb Code   172  stm32f10x_gpio.o(.text)
    GPIO_AFIODeInit                          0x08001a3d   Thumb Code    20  stm32f10x_gpio.o(.text)
    GPIO_Init                                0x08001a51   Thumb Code   278  stm32f10x_gpio.o(.text)
    GPIO_StructInit                          0x08001b67   Thumb Code    16  stm32f10x_gpio.o(.text)
    GPIO_ReadInputDataBit                    0x08001b77   Thumb Code    18  stm32f10x_gpio.o(.text)
    GPIO_ReadInputData                       0x08001b89   Thumb Code     8  stm32f10x_gpio.o(.text)
    GPIO_ReadOutputDataBit                   0x08001b91   Thumb Code    18  stm32f10x_gpio.o(.text)
    GPIO_ReadOutputData                      0x08001ba3   Thumb Code     8  stm32f10x_gpio.o(.text)
    GPIO_SetBits                             0x08001bab   Thumb Code     4  stm32f10x_gpio.o(.text)
    GPIO_ResetBits                           0x08001baf   Thumb Code     4  stm32f10x_gpio.o(.text)
    GPIO_WriteBit                            0x08001bb3   Thumb Code    10  stm32f10x_gpio.o(.text)
    GPIO_Write                               0x08001bbd   Thumb Code     4  stm32f10x_gpio.o(.text)
    GPIO_PinLockConfig                       0x08001bc1   Thumb Code    18  stm32f10x_gpio.o(.text)
    GPIO_EventOutputConfig                   0x08001bd3   Thumb Code    26  stm32f10x_gpio.o(.text)
    GPIO_EventOutputCmd                      0x08001bed   Thumb Code     6  stm32f10x_gpio.o(.text)
    GPIO_PinRemapConfig                      0x08001bf3   Thumb Code   138  stm32f10x_gpio.o(.text)
    GPIO_EXTILineConfig                      0x08001c7d   Thumb Code    66  stm32f10x_gpio.o(.text)
    GPIO_ETH_MediaInterfaceConfig            0x08001cbf   Thumb Code     8  stm32f10x_gpio.o(.text)
    RCC_DeInit                               0x08001ced   Thumb Code    64  stm32f10x_rcc.o(.text)
    RCC_HSEConfig                            0x08001d2d   Thumb Code    70  stm32f10x_rcc.o(.text)
    RCC_GetFlagStatus                        0x08001d73   Thumb Code    56  stm32f10x_rcc.o(.text)
    RCC_WaitForHSEStartUp                    0x08001dab   Thumb Code    56  stm32f10x_rcc.o(.text)
    RCC_AdjustHSICalibrationValue            0x08001de3   Thumb Code    20  stm32f10x_rcc.o(.text)
    RCC_HSICmd                               0x08001df7   Thumb Code     6  stm32f10x_rcc.o(.text)
    RCC_PLLConfig                            0x08001dfd   Thumb Code    24  stm32f10x_rcc.o(.text)
    RCC_PLLCmd                               0x08001e15   Thumb Code     6  stm32f10x_rcc.o(.text)
    RCC_SYSCLKConfig                         0x08001e1b   Thumb Code    18  stm32f10x_rcc.o(.text)
    RCC_GetSYSCLKSource                      0x08001e2d   Thumb Code    10  stm32f10x_rcc.o(.text)
    RCC_HCLKConfig                           0x08001e37   Thumb Code    18  stm32f10x_rcc.o(.text)
    RCC_PCLK1Config                          0x08001e49   Thumb Code    18  stm32f10x_rcc.o(.text)
    RCC_PCLK2Config                          0x08001e5b   Thumb Code    20  stm32f10x_rcc.o(.text)
    RCC_ITConfig                             0x08001e6f   Thumb Code    26  stm32f10x_rcc.o(.text)
    RCC_USBCLKConfig                         0x08001e89   Thumb Code     8  stm32f10x_rcc.o(.text)
    RCC_ADCCLKConfig                         0x08001e91   Thumb Code    18  stm32f10x_rcc.o(.text)
    RCC_LSEConfig                            0x08001ea3   Thumb Code    50  stm32f10x_rcc.o(.text)
    RCC_LSICmd                               0x08001ed5   Thumb Code     6  stm32f10x_rcc.o(.text)
    RCC_RTCCLKConfig                         0x08001edb   Thumb Code    12  stm32f10x_rcc.o(.text)
    RCC_RTCCLKCmd                            0x08001ee7   Thumb Code     8  stm32f10x_rcc.o(.text)
    RCC_GetClocksFreq                        0x08001eef   Thumb Code   192  stm32f10x_rcc.o(.text)
    RCC_AHBPeriphClockCmd                    0x08001faf   Thumb Code    26  stm32f10x_rcc.o(.text)
    RCC_APB2PeriphClockCmd                   0x08001fc9   Thumb Code    26  stm32f10x_rcc.o(.text)
    RCC_APB1PeriphClockCmd                   0x08001fe3   Thumb Code    26  stm32f10x_rcc.o(.text)
    RCC_APB2PeriphResetCmd                   0x08001ffd   Thumb Code    26  stm32f10x_rcc.o(.text)
    RCC_APB1PeriphResetCmd                   0x08002017   Thumb Code    26  stm32f10x_rcc.o(.text)
    RCC_BackupResetCmd                       0x08002031   Thumb Code     8  stm32f10x_rcc.o(.text)
    RCC_ClockSecuritySystemCmd               0x08002039   Thumb Code     6  stm32f10x_rcc.o(.text)
    RCC_MCOConfig                            0x0800203f   Thumb Code     6  stm32f10x_rcc.o(.text)
    RCC_ClearFlag                            0x08002045   Thumb Code    14  stm32f10x_rcc.o(.text)
    RCC_GetITStatus                          0x08002053   Thumb Code    20  stm32f10x_rcc.o(.text)
    RCC_ClearITPendingBit                    0x08002067   Thumb Code     6  stm32f10x_rcc.o(.text)
    USART_DeInit                             0x08002091   Thumb Code   134  stm32f10x_usart.o(.text)
    USART_Init                               0x08002117   Thumb Code   210  stm32f10x_usart.o(.text)
    USART_StructInit                         0x080021e9   Thumb Code    24  stm32f10x_usart.o(.text)
    USART_ClockInit                          0x08002201   Thumb Code    34  stm32f10x_usart.o(.text)
    USART_ClockStructInit                    0x08002223   Thumb Code    12  stm32f10x_usart.o(.text)
    USART_Cmd                                0x0800222f   Thumb Code    24  stm32f10x_usart.o(.text)
    USART_ITConfig                           0x08002247   Thumb Code    74  stm32f10x_usart.o(.text)
    USART_DMACmd                             0x08002291   Thumb Code    18  stm32f10x_usart.o(.text)
    USART_SetAddress                         0x080022a3   Thumb Code    18  stm32f10x_usart.o(.text)
    USART_WakeUpConfig                       0x080022b5   Thumb Code    18  stm32f10x_usart.o(.text)
    USART_ReceiverWakeUpCmd                  0x080022c7   Thumb Code    24  stm32f10x_usart.o(.text)
    USART_LINBreakDetectLengthConfig         0x080022df   Thumb Code    18  stm32f10x_usart.o(.text)
    USART_LINCmd                             0x080022f1   Thumb Code    24  stm32f10x_usart.o(.text)
    USART_SendData                           0x08002309   Thumb Code     8  stm32f10x_usart.o(.text)
    USART_ReceiveData                        0x08002311   Thumb Code    10  stm32f10x_usart.o(.text)
    USART_SendBreak                          0x0800231b   Thumb Code    10  stm32f10x_usart.o(.text)
    USART_SetGuardTime                       0x08002325   Thumb Code    16  stm32f10x_usart.o(.text)
    USART_SetPrescaler                       0x08002335   Thumb Code    16  stm32f10x_usart.o(.text)
    USART_SmartCardCmd                       0x08002345   Thumb Code    24  stm32f10x_usart.o(.text)
    USART_SmartCardNACKCmd                   0x0800235d   Thumb Code    24  stm32f10x_usart.o(.text)
    USART_HalfDuplexCmd                      0x08002375   Thumb Code    24  stm32f10x_usart.o(.text)
    USART_OverSampling8Cmd                   0x0800238d   Thumb Code    22  stm32f10x_usart.o(.text)
    USART_OneBitMethodCmd                    0x080023a3   Thumb Code    24  stm32f10x_usart.o(.text)
    USART_IrDAConfig                         0x080023bb   Thumb Code    18  stm32f10x_usart.o(.text)
    USART_IrDACmd                            0x080023cd   Thumb Code    24  stm32f10x_usart.o(.text)
    USART_GetFlagStatus                      0x080023e5   Thumb Code    26  stm32f10x_usart.o(.text)
    USART_ClearFlag                          0x080023ff   Thumb Code    18  stm32f10x_usart.o(.text)
    USART_GetITStatus                        0x08002411   Thumb Code    84  stm32f10x_usart.o(.text)
    USART_ClearITPendingBit                  0x08002465   Thumb Code    52  stm32f10x_usart.o(.text)
    NVIC_PriorityGroupConfig                 0x08002499   Thumb Code    10  misc.o(.text)
    NVIC_Init                                0x080024a3   Thumb Code   100  misc.o(.text)
    NVIC_SetVectorTable                      0x08002507   Thumb Code    14  misc.o(.text)
    NVIC_SystemLPConfig                      0x08002515   Thumb Code    34  misc.o(.text)
    SysTick_CLKSourceConfig                  0x08002537   Thumb Code    40  misc.o(.text)
    EXTI_DeInit                              0x08002575   Thumb Code    28  stm32f10x_exti.o(.text)
    EXTI_Init                                0x08002591   Thumb Code   142  stm32f10x_exti.o(.text)
    EXTI_StructInit                          0x0800261f   Thumb Code    16  stm32f10x_exti.o(.text)
    EXTI_GenerateSWInterrupt                 0x0800262f   Thumb Code    16  stm32f10x_exti.o(.text)
    EXTI_GetFlagStatus                       0x0800263f   Thumb Code    22  stm32f10x_exti.o(.text)
    EXTI_ClearFlag                           0x08002655   Thumb Code     8  stm32f10x_exti.o(.text)
    EXTI_GetITStatus                         0x0800265d   Thumb Code    34  stm32f10x_exti.o(.text)
    EXTI_ClearITPendingBit                   0x0800267f   Thumb Code     8  stm32f10x_exti.o(.text)
    FLASH_SetLatency                         0x08002691   Thumb Code    18  stm32f10x_flash.o(.text)
    FLASH_HalfCycleAccessCmd                 0x080026a3   Thumb Code    22  stm32f10x_flash.o(.text)
    FLASH_PrefetchBufferCmd                  0x080026b9   Thumb Code    22  stm32f10x_flash.o(.text)
    FLASH_Unlock                             0x080026cf   Thumb Code    12  stm32f10x_flash.o(.text)
    FLASH_UnlockBank1                        0x080026db   Thumb Code    12  stm32f10x_flash.o(.text)
    FLASH_Lock                               0x080026e7   Thumb Code    14  stm32f10x_flash.o(.text)
    FLASH_LockBank1                          0x080026f5   Thumb Code    14  stm32f10x_flash.o(.text)
    FLASH_GetBank1Status                     0x08002703   Thumb Code    48  stm32f10x_flash.o(.text)
    FLASH_WaitForLastOperation               0x08002733   Thumb Code    38  stm32f10x_flash.o(.text)
    FLASH_ErasePage                          0x08002759   Thumb Code    72  stm32f10x_flash.o(.text)
    FLASH_EraseAllPages                      0x080027a1   Thumb Code    68  stm32f10x_flash.o(.text)
    FLASH_WaitForLastBank1Operation          0x080027e5   Thumb Code    38  stm32f10x_flash.o(.text)
    FLASH_EraseAllBank1Pages                 0x0800280b   Thumb Code    68  stm32f10x_flash.o(.text)
    FLASH_GetReadOutProtectionStatus         0x0800284f   Thumb Code    20  stm32f10x_flash.o(.text)
    FLASH_EraseOptionBytes                   0x08002863   Thumb Code   150  stm32f10x_flash.o(.text)
    FLASH_ProgramWord                        0x080028f9   Thumb Code   102  stm32f10x_flash.o(.text)
    FLASH_ProgramHalfWord                    0x0800295f   Thumb Code    60  stm32f10x_flash.o(.text)
    FLASH_ProgramOptionByteData              0x0800299b   Thumb Code    72  stm32f10x_flash.o(.text)
    FLASH_EnableWriteProtection              0x080029e3   Thumb Code   200  stm32f10x_flash.o(.text)
    FLASH_ReadOutProtection                  0x08002aab   Thumb Code   156  stm32f10x_flash.o(.text)
    FLASH_UserOptionByteConfig               0x08002b47   Thumb Code    88  stm32f10x_flash.o(.text)
    FLASH_GetUserOptionByte                  0x08002b9f   Thumb Code     8  stm32f10x_flash.o(.text)
    FLASH_GetWriteProtectionOptionByte       0x08002ba7   Thumb Code     6  stm32f10x_flash.o(.text)
    FLASH_GetPrefetchBufferStatus            0x08002bad   Thumb Code    20  stm32f10x_flash.o(.text)
    FLASH_ITConfig                           0x08002bc1   Thumb Code    26  stm32f10x_flash.o(.text)
    FLASH_GetFlagStatus                      0x08002bdb   Thumb Code    42  stm32f10x_flash.o(.text)
    FLASH_ClearFlag                          0x08002c05   Thumb Code     6  stm32f10x_flash.o(.text)
    FLASH_GetStatus                          0x08002c0b   Thumb Code    48  stm32f10x_flash.o(.text)
    __use_no_semihosting                     0x08002c4d   Thumb Code     2  use_no_semi_2.o(.text)
    __2printf                                0x08002c51   Thumb Code    20  noretval__2printf.o(.text)
    __printf                                 0x08002c69   Thumb Code   270  __printf_wp.o(.text)
    __use_two_region_memory                  0x08002d77   Thumb Code     2  heapauxi.o(.text)
    __rt_heap_escrow$2region                 0x08002d79   Thumb Code     2  heapauxi.o(.text)
    __rt_heap_expand$2region                 0x08002d7b   Thumb Code     2  heapauxi.o(.text)
    __I$use$semihosting                      0x08002d7d   Thumb Code     0  use_no_semi.o(.text)
    __use_no_semihosting_swi                 0x08002d7d   Thumb Code     2  use_no_semi.o(.text)
    __read_errno                             0x08002d7f   Thumb Code    10  _rserrno.o(.text)
    __set_errno                              0x08002d89   Thumb Code    12  _rserrno.o(.text)
    __lib_sel_fp_printf                      0x08002d95   Thumb Code     2  _printf_fp_dec.o(.text)
    _printf_fp_dec_real                      0x08002f47   Thumb Code   620  _printf_fp_dec.o(.text)
    _printf_char_file                        0x080031b5   Thumb Code    32  _printf_char_file.o(.text)
    __rt_locale                              0x080031d9   Thumb Code     8  rt_locale_intlibspace.o(.text)
    __aeabi_errno_addr                       0x080031e1   Thumb Code     8  rt_errno_addr_intlibspace.o(.text)
    __errno$intlibspace                      0x080031e1   Thumb Code     0  rt_errno_addr_intlibspace.o(.text)
    __rt_errno_addr$intlibspace              0x080031e1   Thumb Code     0  rt_errno_addr_intlibspace.o(.text)
    _ll_udiv10                               0x080031e9   Thumb Code   138  lludiv10.o(.text)
    _printf_char_common                      0x0800327f   Thumb Code    32  _printf_char_common.o(.text)
    _printf_fp_infnan                        0x080032a5   Thumb Code   112  _printf_fp_infnan.o(.text)
    _btod_etento                             0x08003325   Thumb Code   224  bigflt0.o(.text)
    ferror                                   0x08003409   Thumb Code     8  ferror.o(.text)
    __user_libspace                          0x08003411   Thumb Code     8  libspace.o(.text)
    __user_perproc_libspace                  0x08003411   Thumb Code     0  libspace.o(.text)
    __user_perthread_libspace                0x08003411   Thumb Code     0  libspace.o(.text)
    __user_setup_stackheap                   0x08003419   Thumb Code    74  sys_stackheap_outer.o(.text)
    exit                                     0x08003463   Thumb Code    18  exit.o(.text)
    strcmp                                   0x08003475   Thumb Code   128  strcmpv7m.o(.text)
    _btod_d2e                                0x080034f5   Thumb Code    62  btod.o(CL$$btod_d2e)
    _d2e_denorm_low                          0x08003533   Thumb Code    70  btod.o(CL$$btod_d2e_denorm_low)
    _d2e_norm_op1                            0x08003579   Thumb Code    96  btod.o(CL$$btod_d2e_norm_op1)
    __btod_div_common                        0x080035d9   Thumb Code   696  btod.o(CL$$btod_div_common)
    _e2e                                     0x08003911   Thumb Code   220  btod.o(CL$$btod_e2e)
    _btod_ediv                               0x080039ed   Thumb Code    42  btod.o(CL$$btod_ediv)
    _btod_emul                               0x08003a17   Thumb Code    42  btod.o(CL$$btod_emul)
    __btod_mult_common                       0x08003a41   Thumb Code   580  btod.o(CL$$btod_mult_common)
    __ARM_fpclassify                         0x08003c85   Thumb Code    40  fpclassify.o(i.__ARM_fpclassify)
    __kernel_poly                            0x08003cad   Thumb Code   170  poly.o(i.__kernel_poly)
    __mathlib_dbl_divzero                    0x08003d59   Thumb Code    12  dunder.o(i.__mathlib_dbl_divzero)
    __mathlib_dbl_infnan2                    0x08003d69   Thumb Code     4  dunder.o(i.__mathlib_dbl_infnan2)
    __mathlib_dbl_invalid                    0x08003d6d   Thumb Code    12  dunder.o(i.__mathlib_dbl_invalid)
    __mathlib_dbl_overflow                   0x08003d79   Thumb Code    14  dunder.o(i.__mathlib_dbl_overflow)
    __mathlib_dbl_underflow                  0x08003d89   Thumb Code    10  dunder.o(i.__mathlib_dbl_underflow)
    _is_digit                                0x08003d99   Thumb Code    14  __printf_wp.o(i._is_digit)
    pow                                      0x08003da9   Thumb Code  2512  pow.o(i.pow)
    sqrt                                     0x08004781   Thumb Code    76  sqrt.o(i.sqrt)
    _get_lc_numeric                          0x080047cd   Thumb Code    44  lc_numeric_c.o(locale$$code)
    __aeabi_d2f                              0x080047f9   Thumb Code     0  d2f.o(x$fpl$d2f)
    _d2f                                     0x080047f9   Thumb Code    98  d2f.o(x$fpl$d2f)
    __aeabi_dadd                             0x0800485d   Thumb Code     0  daddsub_clz.o(x$fpl$dadd)
    _dadd                                    0x0800485d   Thumb Code   332  daddsub_clz.o(x$fpl$dadd)
    __fpl_dcheck_NaN1                        0x080049ad   Thumb Code    10  dcheck1.o(x$fpl$dcheck1)
    __fpl_dcmp_Inf                           0x080049bd   Thumb Code    24  dcmpi.o(x$fpl$dcmpinf)
    __aeabi_ddiv                             0x080049d5   Thumb Code     0  ddiv.o(x$fpl$ddiv)
    _ddiv                                    0x080049d5   Thumb Code   552  ddiv.o(x$fpl$ddiv)
    __aeabi_i2d                              0x08004c85   Thumb Code     0  dflt_clz.o(x$fpl$dflt)
    _dflt                                    0x08004c85   Thumb Code    46  dflt_clz.o(x$fpl$dflt)
    __aeabi_cdcmple                          0x08004cb5   Thumb Code     0  dleqf.o(x$fpl$dleqf)
    _dcmple                                  0x08004cb5   Thumb Code   120  dleqf.o(x$fpl$dleqf)
    __fpl_dcmple_InfNaN                      0x08004d17   Thumb Code     0  dleqf.o(x$fpl$dleqf)
    __aeabi_dmul                             0x08004d2d   Thumb Code     0  dmul.o(x$fpl$dmul)
    _dmul                                    0x08004d2d   Thumb Code   332  dmul.o(x$fpl$dmul)
    __fpl_dnaninf                            0x08004e81   Thumb Code   156  dnaninf.o(x$fpl$dnaninf)
    __fpl_dretinf                            0x08004f1d   Thumb Code    12  dretinf.o(x$fpl$dretinf)
    __aeabi_cdrcmple                         0x08004f29   Thumb Code     0  drleqf.o(x$fpl$drleqf)
    _drcmple                                 0x08004f29   Thumb Code   108  drleqf.o(x$fpl$drleqf)
    __aeabi_drsub                            0x08004f95   Thumb Code     0  daddsub_clz.o(x$fpl$drsb)
    _drsb                                    0x08004f95   Thumb Code    22  daddsub_clz.o(x$fpl$drsb)
    _dsqrt                                   0x08004fad   Thumb Code   456  dsqrt_noumaal.o(x$fpl$dsqrt)
    __aeabi_dsub                             0x08005179   Thumb Code     0  daddsub_clz.o(x$fpl$dsub)
    _dsub                                    0x08005179   Thumb Code   464  daddsub_clz.o(x$fpl$dsub)
    __aeabi_f2d                              0x0800534d   Thumb Code     0  f2d.o(x$fpl$f2d)
    _f2d                                     0x0800534d   Thumb Code    86  f2d.o(x$fpl$f2d)
    __aeabi_fadd                             0x080053a5   Thumb Code     0  faddsub_clz.o(x$fpl$fadd)
    _fadd                                    0x080053a5   Thumb Code   196  faddsub_clz.o(x$fpl$fadd)
    __fpl_fcmp_Inf                           0x08005469   Thumb Code    24  fcmpi.o(x$fpl$fcmpinf)
    __aeabi_fdiv                             0x08005481   Thumb Code     0  fdiv.o(x$fpl$fdiv)
    _fdiv                                    0x08005481   Thumb Code   384  fdiv.o(x$fpl$fdiv)
    __aeabi_i2f                              0x08005605   Thumb Code     0  fflt_clz.o(x$fpl$fflt)
    _fflt                                    0x08005605   Thumb Code    48  fflt_clz.o(x$fpl$fflt)
    __aeabi_cfcmple                          0x08005635   Thumb Code     0  fleqf.o(x$fpl$fleqf)
    _fcmple                                  0x08005635   Thumb Code   104  fleqf.o(x$fpl$fleqf)
    __fpl_fcmple_InfNaN                      0x08005687   Thumb Code     0  fleqf.o(x$fpl$fleqf)
    __aeabi_fmul                             0x0800569d   Thumb Code     0  fmul.o(x$fpl$fmul)
    _fmul                                    0x0800569d   Thumb Code   258  fmul.o(x$fpl$fmul)
    __fpl_fnaninf                            0x0800579f   Thumb Code   140  fnaninf.o(x$fpl$fnaninf)
    __fpl_fretinf                            0x0800582b   Thumb Code    10  fretinf.o(x$fpl$fretinf)
    __aeabi_frsub                            0x08005835   Thumb Code     0  faddsub_clz.o(x$fpl$frsb)
    _frsb                                    0x08005835   Thumb Code    20  faddsub_clz.o(x$fpl$frsb)
    __aeabi_fsub                             0x08005849   Thumb Code     0  faddsub_clz.o(x$fpl$fsub)
    _fsub                                    0x08005849   Thumb Code   234  faddsub_clz.o(x$fpl$fsub)
    _printf_fp_dec                           0x08005933   Thumb Code     4  printf1.o(x$fpl$printf1)
    __fpl_return_NaN                         0x08005937   Thumb Code   100  retnan.o(x$fpl$retnan)
    __ARM_scalbn                             0x0800599b   Thumb Code    92  scalbn.o(x$fpl$scalbn)
    __fpl_cmpreturn                          0x080059f7   Thumb Code    48  trapv.o(x$fpl$trapveneer)
    __I$use$fp                               0x08005a26   Number         0  usenofp.o(x$fpl$usenofp)
    __mathlib_zero                           0x08005ab0   Data           8  qnan.o(.constdata)
    Region$$Table$$Base                      0x08005b4c   Number         0  anon$$obj.o(Region$$Table)
    Region$$Table$$Limit                     0x08005b6c   Number         0  anon$$obj.o(Region$$Table)
    BMP1                                     0x20000000   Data        1024  main.o(.data)
    BMP2                                     0x20000400   Data        1024  main.o(.data)
    Rstflag                                  0x20000800   Data           4  main.o(.data)
    fsendflag                                0x20000804   Data           4  main.o(.data)
    is_connect                               0x20000808   Data           4  main.o(.data)
    real_tem                                 0x2000080c   Data           4  main.o(.data)
    SystemCoreClock                          0x20000810   Data           4  system_stm32f10x.o(.data)
    AHBPrescTable                            0x20000814   Data          16  system_stm32f10x.o(.data)
    a1                                       0x20000824   Data           4  getdata.o(.data)
    a2                                       0x20000828   Data           4  getdata.o(.data)
    step                                     0x2000082c   Data           4  getdata.o(.data)
    pre_step_data                            0x20000830   Data           4  getdata.o(.data)
    now_step_data                            0x20000834   Data           4  getdata.o(.data)
    threshold                                0x20000838   Data           4  getdata.o(.data)
    i                                        0x2000083c   Data           4  getdata.o(.data)
    j                                        0x20000840   Data           4  getdata.o(.data)
    I                                        0x20000844   Data           4  getdata.o(.data)
    R_TEM                                    0x20000848   Data           8  getdata.o(.data)
    data_send                                0x20000850   Data           4  getdata.o(.data)
    max_value                                0x20000854   Data           4  getdata.o(.data)
    total_value                              0x20000858   Data           4  getdata.o(.data)
    ave_value                                0x2000085c   Data           4  getdata.o(.data)
    tem_value                                0x20000860   Data           4  getdata.o(.data)
    total                                    0x20000864   Data           4  getdata.o(.data)
    max                                      0x20000868   Data           4  getdata.o(.data)
    min                                      0x2000086c   Data           4  getdata.o(.data)
    tem                                      0x20000870   Data           4  key.o(.data)
    ration_target                            0x20000874   Data           4  key.o(.data)
    a                                        0x20000878   Data           8  key.o(.data)
    b                                        0x20000880   Data           8  key.o(.data)
    h                                        0x20000888   Data           4  key.o(.data)
    l                                        0x2000088c   Data           4  key.o(.data)
    __stdout                                 0x20000894   Data           4  usart.o(.data)
    USART_RX_STA                             0x20000898   Data           2  usart.o(.data)
    R_TEM_1                                  0x200008b0   Data          92  getdata.o(.bss)
    R                                        0x2000090c   Data        1024  getdata.o(.bss)
    V                                        0x20000d0c   Data        1024  getdata.o(.bss)
    deltadata_V                              0x2000110c   Data        1024  getdata.o(.bss)
    rawArrBuff                               0x2000150c   Data        1024  getdata.o(.bss)
    sensorArrBuff                            0x2000190c   Data        1024  getdata.o(.bss)
    deltadata_R                              0x20001d0c   Data        1024  getdata.o(.bss)
    k                                        0x2000210c   Data          92  key.o(.bss)
    TEXT_Buffer                              0x20002168   Data          92  key.o(.bss)
    STMFLASH_BUF                             0x200021c4   Data        2048  stmflash.o(.bss)
    USART_RX_BUF                             0x200029c4   Data         200  usart.o(.bss)
    __libspace_start                         0x20002a8c   Data          96  libspace.o(.bss)
    __temporary_stack_top$libspace           0x20002aec   Data           0  libspace.o(.bss)



==============================================================================

Memory Map of the image

  Image Entry point : 0x08000131

  Load Region LR_IROM1 (Base: 0x08000000, Size: 0x00006438, Max: 0x00010000, ABSOLUTE, COMPRESSED[0x00005d9c])

    Execution Region ER_IROM1 (Exec base: 0x08000000, Load base: 0x08000000, Size: 0x00005b88, Max: 0x00010000, ABSOLUTE)

    Exec Addr    Load Addr    Size         Type   Attr      Idx    E Section Name        Object

    0x08000000   0x08000000   0x00000130   Data   RO          432    RESET               startup_stm32f10x_hd.o
    0x08000130   0x08000130   0x00000008   Code   RO          545  * !!!main             c_w.l(__main.o)
    0x08000138   0x08000138   0x00000034   Code   RO          875    !!!scatter          c_w.l(__scatter.o)
    0x0800016c   0x0800016c   0x00000064   Code   RO          873    !!dclz77c           c_w.l(__dclz77c.o)
    0x080001d0   0x080001d0   0x0000001c   Code   RO          877    !!handler_zi        c_w.l(__scatter_zi.o)
    0x080001ec   0x080001ec   0x00000000   Code   RO          542    .ARM.Collect$$_printf_percent$$00000000  c_w.l(_printf_percent.o)
    0x080001ec   0x080001ec   0x00000006   Code   RO          541    .ARM.Collect$$_printf_percent$$00000003  c_w.l(_printf_f.o)
    0x080001f2   0x080001f2   0x00000004   Code   RO          612    .ARM.Collect$$_printf_percent$$00000017  c_w.l(_printf_percent_end.o)
    0x080001f6   0x080001f6   0x00000002   Code   RO          742    .ARM.Collect$$libinit$$00000000  c_w.l(libinit.o)
    0x080001f8   0x080001f8   0x00000000   Code   RO          744    .ARM.Collect$$libinit$$00000002  c_w.l(libinit2.o)
    0x080001f8   0x080001f8   0x00000000   Code   RO          746    .ARM.Collect$$libinit$$00000004  c_w.l(libinit2.o)
    0x080001f8   0x080001f8   0x00000000   Code   RO          749    .ARM.Collect$$libinit$$0000000A  c_w.l(libinit2.o)
    0x080001f8   0x080001f8   0x00000000   Code   RO          751    .ARM.Collect$$libinit$$0000000C  c_w.l(libinit2.o)
    0x080001f8   0x080001f8   0x00000000   Code   RO          753    .ARM.Collect$$libinit$$0000000E  c_w.l(libinit2.o)
    0x080001f8   0x080001f8   0x00000006   Code   RO          754    .ARM.Collect$$libinit$$0000000F  c_w.l(libinit2.o)
    0x080001fe   0x080001fe   0x00000000   Code   RO          756    .ARM.Collect$$libinit$$00000011  c_w.l(libinit2.o)
    0x080001fe   0x080001fe   0x00000000   Code   RO          758    .ARM.Collect$$libinit$$00000013  c_w.l(libinit2.o)
    0x080001fe   0x080001fe   0x00000000   Code   RO          760    .ARM.Collect$$libinit$$00000015  c_w.l(libinit2.o)
    0x080001fe   0x080001fe   0x0000000a   Code   RO          761    .ARM.Collect$$libinit$$00000016  c_w.l(libinit2.o)
    0x08000208   0x08000208   0x00000000   Code   RO          762    .ARM.Collect$$libinit$$00000017  c_w.l(libinit2.o)
    0x08000208   0x08000208   0x00000000   Code   RO          764    .ARM.Collect$$libinit$$00000019  c_w.l(libinit2.o)
    0x08000208   0x08000208   0x00000000   Code   RO          766    .ARM.Collect$$libinit$$0000001B  c_w.l(libinit2.o)
    0x08000208   0x08000208   0x00000000   Code   RO          768    .ARM.Collect$$libinit$$0000001D  c_w.l(libinit2.o)
    0x08000208   0x08000208   0x00000000   Code   RO          770    .ARM.Collect$$libinit$$0000001F  c_w.l(libinit2.o)
    0x08000208   0x08000208   0x00000000   Code   RO          772    .ARM.Collect$$libinit$$00000021  c_w.l(libinit2.o)
    0x08000208   0x08000208   0x00000000   Code   RO          774    .ARM.Collect$$libinit$$00000023  c_w.l(libinit2.o)
    0x08000208   0x08000208   0x00000000   Code   RO          776    .ARM.Collect$$libinit$$00000025  c_w.l(libinit2.o)
    0x08000208   0x08000208   0x00000000   Code   RO          780    .ARM.Collect$$libinit$$0000002C  c_w.l(libinit2.o)
    0x08000208   0x08000208   0x00000000   Code   RO          782    .ARM.Collect$$libinit$$0000002E  c_w.l(libinit2.o)
    0x08000208   0x08000208   0x00000000   Code   RO          784    .ARM.Collect$$libinit$$00000030  c_w.l(libinit2.o)
    0x08000208   0x08000208   0x00000000   Code   RO          786    .ARM.Collect$$libinit$$00000032  c_w.l(libinit2.o)
    0x08000208   0x08000208   0x00000002   Code   RO          787    .ARM.Collect$$libinit$$00000033  c_w.l(libinit2.o)
    0x0800020a   0x0800020a   0x00000002   Code   RO          821    .ARM.Collect$$libshutdown$$00000000  c_w.l(libshutdown.o)
    0x0800020c   0x0800020c   0x00000000   Code   RO          830    .ARM.Collect$$libshutdown$$00000002  c_w.l(libshutdown2.o)
    0x0800020c   0x0800020c   0x00000000   Code   RO          832    .ARM.Collect$$libshutdown$$00000004  c_w.l(libshutdown2.o)
    0x0800020c   0x0800020c   0x00000000   Code   RO          834    .ARM.Collect$$libshutdown$$00000006  c_w.l(libshutdown2.o)
    0x0800020c   0x0800020c   0x00000000   Code   RO          837    .ARM.Collect$$libshutdown$$00000009  c_w.l(libshutdown2.o)
    0x0800020c   0x0800020c   0x00000000   Code   RO          840    .ARM.Collect$$libshutdown$$0000000C  c_w.l(libshutdown2.o)
    0x0800020c   0x0800020c   0x00000000   Code   RO          842    .ARM.Collect$$libshutdown$$0000000E  c_w.l(libshutdown2.o)
    0x0800020c   0x0800020c   0x00000000   Code   RO          845    .ARM.Collect$$libshutdown$$00000011  c_w.l(libshutdown2.o)
    0x0800020c   0x0800020c   0x00000002   Code   RO          846    .ARM.Collect$$libshutdown$$00000012  c_w.l(libshutdown2.o)
    0x0800020e   0x0800020e   0x00000000   Code   RO          605    .ARM.Collect$$rtentry$$00000000  c_w.l(__rtentry.o)
    0x0800020e   0x0800020e   0x00000000   Code   RO          656    .ARM.Collect$$rtentry$$00000002  c_w.l(__rtentry2.o)
    0x0800020e   0x0800020e   0x00000006   Code   RO          668    .ARM.Collect$$rtentry$$00000004  c_w.l(__rtentry4.o)
    0x08000214   0x08000214   0x00000000   Code   RO          658    .ARM.Collect$$rtentry$$00000009  c_w.l(__rtentry2.o)
    0x08000214   0x08000214   0x00000004   Code   RO          659    .ARM.Collect$$rtentry$$0000000A  c_w.l(__rtentry2.o)
    0x08000218   0x08000218   0x00000000   Code   RO          661    .ARM.Collect$$rtentry$$0000000C  c_w.l(__rtentry2.o)
    0x08000218   0x08000218   0x00000008   Code   RO          662    .ARM.Collect$$rtentry$$0000000D  c_w.l(__rtentry2.o)
    0x08000220   0x08000220   0x00000002   Code   RO          792    .ARM.Collect$$rtexit$$00000000  c_w.l(rtexit.o)
    0x08000222   0x08000222   0x00000000   Code   RO          801    .ARM.Collect$$rtexit$$00000002  c_w.l(rtexit2.o)
    0x08000222   0x08000222   0x00000004   Code   RO          802    .ARM.Collect$$rtexit$$00000003  c_w.l(rtexit2.o)
    0x08000226   0x08000226   0x00000006   Code   RO          803    .ARM.Collect$$rtexit$$00000004  c_w.l(rtexit2.o)
    0x0800022c   0x0800022c   0x0000009c   Code   RO            1    .text               main.o
    0x080002c8   0x080002c8   0x0000001a   Code   RO          153    .text               stm32f10x_it.o
    0x080002e2   0x080002e2   0x00000002   PAD
    0x080002e4   0x080002e4   0x000001e4   Code   RO          194    .text               system_stm32f10x.o
    0x080004c8   0x080004c8   0x00000100   Code   RO          224    .text               gpio.o
    0x080005c8   0x080005c8   0x000001dc   Code   RO          236    .text               ad7606.o
    0x080007a4   0x080007a4   0x0000019c   Code   RO          248    .text               rs2103.o
    0x08000940   0x08000940   0x00000aa8   Code   RO          263    .text               getdata.o
    0x080013e8   0x080013e8   0x00000210   Code   RO          284    .text               key.o
    0x080015f8   0x080015f8   0x00000144   Code   RO          351    .text               stmflash.o
    0x0800173c   0x0800173c   0x000000d4   Code   RO          366    .text               delay.o
    0x08001810   0x08001810   0x00000140   Code   RO          397    .text               usart.o
    0x08001950   0x08001950   0x00000040   Code   RO          433    .text               startup_stm32f10x_hd.o
    0x08001990   0x08001990   0x0000035c   Code   RO          437    .text               stm32f10x_gpio.o
    0x08001cec   0x08001cec   0x000003a4   Code   RO          449    .text               stm32f10x_rcc.o
    0x08002090   0x08002090   0x00000408   Code   RO          463    .text               stm32f10x_usart.o
    0x08002498   0x08002498   0x000000dc   Code   RO          475    .text               misc.o
    0x08002574   0x08002574   0x0000011c   Code   RO          487    .text               stm32f10x_exti.o
    0x08002690   0x08002690   0x000005bc   Code   RO          499    .text               stm32f10x_flash.o
    0x08002c4c   0x08002c4c   0x00000002   Code   RO          513    .text               c_w.l(use_no_semi_2.o)
    0x08002c4e   0x08002c4e   0x00000002   PAD
    0x08002c50   0x08002c50   0x00000018   Code   RO          517    .text               c_w.l(noretval__2printf.o)
    0x08002c68   0x08002c68   0x0000010e   Code   RO          529    .text               c_w.l(__printf_wp.o)
    0x08002d76   0x08002d76   0x00000006   Code   RO          543    .text               c_w.l(heapauxi.o)
    0x08002d7c   0x08002d7c   0x00000002   Code   RO          603    .text               c_w.l(use_no_semi.o)
    0x08002d7e   0x08002d7e   0x00000016   Code   RO          606    .text               c_w.l(_rserrno.o)
    0x08002d94   0x08002d94   0x0000041e   Code   RO          608    .text               c_w.l(_printf_fp_dec.o)
    0x080031b2   0x080031b2   0x00000002   PAD
    0x080031b4   0x080031b4   0x00000024   Code   RO          610    .text               c_w.l(_printf_char_file.o)
    0x080031d8   0x080031d8   0x00000008   Code   RO          673    .text               c_w.l(rt_locale_intlibspace.o)
    0x080031e0   0x080031e0   0x00000008   Code   RO          678    .text               c_w.l(rt_errno_addr_intlibspace.o)
    0x080031e8   0x080031e8   0x0000008a   Code   RO          680    .text               c_w.l(lludiv10.o)
    0x08003272   0x08003272   0x00000002   PAD
    0x08003274   0x08003274   0x00000030   Code   RO          682    .text               c_w.l(_printf_char_common.o)
    0x080032a4   0x080032a4   0x00000080   Code   RO          684    .text               c_w.l(_printf_fp_infnan.o)
    0x08003324   0x08003324   0x000000e4   Code   RO          686    .text               c_w.l(bigflt0.o)
    0x08003408   0x08003408   0x00000008   Code   RO          711    .text               c_w.l(ferror.o)
    0x08003410   0x08003410   0x00000008   Code   RO          726    .text               c_w.l(libspace.o)
    0x08003418   0x08003418   0x0000004a   Code   RO          729    .text               c_w.l(sys_stackheap_outer.o)
    0x08003462   0x08003462   0x00000012   Code   RO          733    .text               c_w.l(exit.o)
    0x08003474   0x08003474   0x00000080   Code   RO          735    .text               c_w.l(strcmpv7m.o)
    0x080034f4   0x080034f4   0x0000003e   Code   RO          689    CL$$btod_d2e        c_w.l(btod.o)
    0x08003532   0x08003532   0x00000046   Code   RO          691    CL$$btod_d2e_denorm_low  c_w.l(btod.o)
    0x08003578   0x08003578   0x00000060   Code   RO          690    CL$$btod_d2e_norm_op1  c_w.l(btod.o)
    0x080035d8   0x080035d8   0x00000338   Code   RO          699    CL$$btod_div_common  c_w.l(btod.o)
    0x08003910   0x08003910   0x000000dc   Code   RO          696    CL$$btod_e2e        c_w.l(btod.o)
    0x080039ec   0x080039ec   0x0000002a   Code   RO          693    CL$$btod_ediv       c_w.l(btod.o)
    0x08003a16   0x08003a16   0x0000002a   Code   RO          692    CL$$btod_emul       c_w.l(btod.o)
    0x08003a40   0x08003a40   0x00000244   Code   RO          698    CL$$btod_mult_common  c_w.l(btod.o)
    0x08003c84   0x08003c84   0x00000028   Code   RO          642    i.__ARM_fpclassify  m_ws.l(fpclassify.o)
    0x08003cac   0x08003cac   0x000000aa   Code   RO          644    i.__kernel_poly     m_ws.l(poly.o)
    0x08003d56   0x08003d56   0x00000002   PAD
    0x08003d58   0x08003d58   0x00000010   Code   RO          628    i.__mathlib_dbl_divzero  m_ws.l(dunder.o)
    0x08003d68   0x08003d68   0x00000004   Code   RO          630    i.__mathlib_dbl_infnan2  m_ws.l(dunder.o)
    0x08003d6c   0x08003d6c   0x0000000c   Code   RO          631    i.__mathlib_dbl_invalid  m_ws.l(dunder.o)
    0x08003d78   0x08003d78   0x0000000e   Code   RO          632    i.__mathlib_dbl_overflow  m_ws.l(dunder.o)
    0x08003d86   0x08003d86   0x00000002   PAD
    0x08003d88   0x08003d88   0x00000010   Code   RO          634    i.__mathlib_dbl_underflow  m_ws.l(dunder.o)
    0x08003d98   0x08003d98   0x0000000e   Code   RO          531    i._is_digit         c_w.l(__printf_wp.o)
    0x08003da6   0x08003da6   0x00000002   PAD
    0x08003da8   0x08003da8   0x000009d8   Code   RO          594    i.pow               m_ws.l(pow.o)
    0x08004780   0x08004780   0x0000004c   Code   RO          648    i.sqrt              m_ws.l(sqrt.o)
    0x080047cc   0x080047cc   0x0000002c   Code   RO          716    locale$$code        c_w.l(lc_numeric_c.o)
    0x080047f8   0x080047f8   0x00000062   Code   RO          547    x$fpl$d2f           fz_ws.l(d2f.o)
    0x0800485a   0x0800485a   0x00000002   PAD
    0x0800485c   0x0800485c   0x00000150   Code   RO          549    x$fpl$dadd          fz_ws.l(daddsub_clz.o)
    0x080049ac   0x080049ac   0x00000010   Code   RO          718    x$fpl$dcheck1       fz_ws.l(dcheck1.o)
    0x080049bc   0x080049bc   0x00000018   Code   RO          788    x$fpl$dcmpinf       fz_ws.l(dcmpi.o)
    0x080049d4   0x080049d4   0x000002b0   Code   RO          556    x$fpl$ddiv          fz_ws.l(ddiv.o)
    0x08004c84   0x08004c84   0x0000002e   Code   RO          560    x$fpl$dflt          fz_ws.l(dflt_clz.o)
    0x08004cb2   0x08004cb2   0x00000002   PAD
    0x08004cb4   0x08004cb4   0x00000078   Code   RO          720    x$fpl$dleqf         fz_ws.l(dleqf.o)
    0x08004d2c   0x08004d2c   0x00000154   Code   RO          565    x$fpl$dmul          fz_ws.l(dmul.o)
    0x08004e80   0x08004e80   0x0000009c   Code   RO          613    x$fpl$dnaninf       fz_ws.l(dnaninf.o)
    0x08004f1c   0x08004f1c   0x0000000c   Code   RO          615    x$fpl$dretinf       fz_ws.l(dretinf.o)
    0x08004f28   0x08004f28   0x0000006c   Code   RO          617    x$fpl$drleqf        fz_ws.l(drleqf.o)
    0x08004f94   0x08004f94   0x00000016   Code   RO          550    x$fpl$drsb          fz_ws.l(daddsub_clz.o)
    0x08004faa   0x08004faa   0x00000002   PAD
    0x08004fac   0x08004fac   0x000001cc   Code   RO          722    x$fpl$dsqrt         fz_ws.l(dsqrt_noumaal.o)
    0x08005178   0x08005178   0x000001d4   Code   RO          551    x$fpl$dsub          fz_ws.l(daddsub_clz.o)
    0x0800534c   0x0800534c   0x00000056   Code   RO          567    x$fpl$f2d           fz_ws.l(f2d.o)
    0x080053a2   0x080053a2   0x00000002   PAD
    0x080053a4   0x080053a4   0x000000c4   Code   RO          569    x$fpl$fadd          fz_ws.l(faddsub_clz.o)
    0x08005468   0x08005468   0x00000018   Code   RO          619    x$fpl$fcmpinf       fz_ws.l(fcmpi.o)
    0x08005480   0x08005480   0x00000184   Code   RO          576    x$fpl$fdiv          fz_ws.l(fdiv.o)
    0x08005604   0x08005604   0x00000030   Code   RO          580    x$fpl$fflt          fz_ws.l(fflt_clz.o)
    0x08005634   0x08005634   0x00000068   Code   RO          585    x$fpl$fleqf         fz_ws.l(fleqf.o)
    0x0800569c   0x0800569c   0x00000102   Code   RO          587    x$fpl$fmul          fz_ws.l(fmul.o)
    0x0800579e   0x0800579e   0x0000008c   Code   RO          621    x$fpl$fnaninf       fz_ws.l(fnaninf.o)
    0x0800582a   0x0800582a   0x0000000a   Code   RO          623    x$fpl$fretinf       fz_ws.l(fretinf.o)
    0x08005834   0x08005834   0x00000014   Code   RO          570    x$fpl$frsb          fz_ws.l(faddsub_clz.o)
    0x08005848   0x08005848   0x000000ea   Code   RO          571    x$fpl$fsub          fz_ws.l(faddsub_clz.o)
    0x08005932   0x08005932   0x00000004   Code   RO          591    x$fpl$printf1       fz_ws.l(printf1.o)
    0x08005936   0x08005936   0x00000064   Code   RO          790    x$fpl$retnan        fz_ws.l(retnan.o)
    0x0800599a   0x0800599a   0x0000005c   Code   RO          625    x$fpl$scalbn        fz_ws.l(scalbn.o)
    0x080059f6   0x080059f6   0x00000030   Code   RO          798    x$fpl$trapveneer    fz_ws.l(trapv.o)
    0x08005a26   0x08005a26   0x00000000   Code   RO          627    x$fpl$usenofp       fz_ws.l(usenofp.o)
    0x08005a26   0x08005a26   0x00000002   PAD
    0x08005a28   0x08005a28   0x00000088   Data   RO          595    .constdata          m_ws.l(pow.o)
    0x08005ab0   0x08005ab0   0x00000008   Data   RO          646    .constdata          m_ws.l(qnan.o)
    0x08005ab8   0x08005ab8   0x00000094   Data   RO          687    .constdata          c_w.l(bigflt0.o)
    0x08005b4c   0x08005b4c   0x00000020   Data   RO          871    Region$$Table       anon$$obj.o
    0x08005b6c   0x08005b6c   0x0000001c   Data   RO          715    locale$$data        c_w.l(lc_numeric_c.o)


    Execution Region RW_IRAM1 (Exec base: 0x20000000, Load base: 0x08005b88, Size: 0x000030f0, Max: 0x00005000, ABSOLUTE, COMPRESSED[0x00000214])

    Exec Addr    Load Addr    Size         Type   Attr      Idx    E Section Name        Object

    0x20000000   COMPRESSED   0x00000810   Data   RW            3    .data               main.o
    0x20000810   COMPRESSED   0x00000014   Data   RW          195    .data               system_stm32f10x.o
    0x20000824   COMPRESSED   0x0000004c   Data   RW          265    .data               getdata.o
    0x20000870   COMPRESSED   0x00000020   Data   RW          286    .data               key.o
    0x20000890   COMPRESSED   0x00000004   Data   RW          367    .data               delay.o
    0x20000894   COMPRESSED   0x00000006   Data   RW          399    .data               usart.o
    0x2000089a   COMPRESSED   0x00000014   Data   RW          450    .data               stm32f10x_rcc.o
    0x200008ae   COMPRESSED   0x00000002   PAD
    0x200008b0        -       0x0000185c   Zero   RW          264    .bss                getdata.o
    0x2000210c        -       0x000000b8   Zero   RW          285    .bss                key.o
    0x200021c4        -       0x00000800   Zero   RW          352    .bss                stmflash.o
    0x200029c4        -       0x000000c8   Zero   RW          398    .bss                usart.o
    0x20002a8c        -       0x00000060   Zero   RW          727    .bss                c_w.l(libspace.o)
    0x20002aec   COMPRESSED   0x00000004   PAD
    0x20002af0        -       0x00000200   Zero   RW          431    HEAP                startup_stm32f10x_hd.o
    0x20002cf0        -       0x00000400   Zero   RW          430    STACK               startup_stm32f10x_hd.o


==============================================================================

Image component sizes


      Code (inc. data)   RO Data    RW Data    ZI Data      Debug   Object Name

       476         22          0          0          0       2360   ad7606.o
       212         18          0          4          0       1043   delay.o
      2728        134          0         76       6236       3076   getdata.o
       256         20          0          0          0        596   gpio.o
       528         70          0         32        184       2269   key.o
       156         28          0       2064          0     241549   main.o
       220         22          0          0          0       1801   misc.o
       412         44          0          0          0        836   rs2103.o
        64         26        304          0       1536        796   startup_stm32f10x_hd.o
       284         10          0          0          0       2255   stm32f10x_exti.o
      1468         34          0          0          0       8210   stm32f10x_flash.o
       860         38          0          0          0       5733   stm32f10x_gpio.o
        26          0          0          0          0       1182   stm32f10x_it.o
       932         36          0         20          0       8912   stm32f10x_rcc.o
      1032         22          0          0          0       8460   stm32f10x_usart.o
       324          8          0          0       2048       2730   stmflash.o
         0          0          0          0          0         32   sys.o
       484         24          0         20          0       1779   system_stm32f10x.o
       320         16          0          6        200       3170   usart.o

    ----------------------------------------------------------------------
     10784        572        336       2224      10204     296789   Object Totals
         0          0         32          0          0          0   (incl. Generated)
         2          0          0          2          0          0   (incl. Padding)

    ----------------------------------------------------------------------

      Code (inc. data)   RO Data    RW Data    ZI Data      Debug   Library Member Name

       100          0          0          0          0          0   __dclz77c.o
         8          0          0          0          0         68   __main.o
       284          0          0          0          0        156   __printf_wp.o
         0          0          0          0          0          0   __rtentry.o
        12          0          0          0          0          0   __rtentry2.o
         6          0          0          0          0          0   __rtentry4.o
        52          8          0          0          0          0   __scatter.o
        28          0          0          0          0          0   __scatter_zi.o
        48          6          0          0          0         96   _printf_char_common.o
        36          4          0          0          0         80   _printf_char_file.o
         6          0          0          0          0          0   _printf_f.o
      1054          0          0          0          0        216   _printf_fp_dec.o
       128         16          0          0          0         84   _printf_fp_infnan.o
         0          0          0          0          0          0   _printf_percent.o
         4          0          0          0          0          0   _printf_percent_end.o
        22          0          0          0          0        100   _rserrno.o
       228          4        148          0          0         96   bigflt0.o
      1936        128          0          0          0        672   btod.o
        18          0          0          0          0         80   exit.o
         8          0          0          0          0         68   ferror.o
         6          0          0          0          0        152   heapauxi.o
        44         10         28          0          0         76   lc_numeric_c.o
         2          0          0          0          0          0   libinit.o
        18          0          0          0          0          0   libinit2.o
         2          0          0          0          0          0   libshutdown.o
         2          0          0          0          0          0   libshutdown2.o
         8          4          0          0         96         68   libspace.o
       138          0          0          0          0         80   lludiv10.o
        24          4          0          0          0         84   noretval__2printf.o
         8          4          0          0          0         68   rt_errno_addr_intlibspace.o
         8          4          0          0          0         68   rt_locale_intlibspace.o
         2          0          0          0          0          0   rtexit.o
        10          0          0          0          0          0   rtexit2.o
       128          0          0          0          0         68   strcmpv7m.o
        74          0          0          0          0         80   sys_stackheap_outer.o
         2          0          0          0          0         68   use_no_semi.o
         2          0          0          0          0         68   use_no_semi_2.o
        98          4          0          0          0         92   d2f.o
       826         16          0          0          0        348   daddsub_clz.o
        16          4          0          0          0         68   dcheck1.o
        24          0          0          0          0         68   dcmpi.o
       688        140          0          0          0        208   ddiv.o
        46          0          0          0          0         68   dflt_clz.o
       120          4          0          0          0         92   dleqf.o
       340         12          0          0          0        104   dmul.o
       156          4          0          0          0         92   dnaninf.o
        12          0          0          0          0         68   dretinf.o
       108          0          0          0          0         80   drleqf.o
       460         56          0          0          0        120   dsqrt_noumaal.o
        86          4          0          0          0         84   f2d.o
       450          8          0          0          0        236   faddsub_clz.o
        24          0          0          0          0         68   fcmpi.o
       388         76          0          0          0         96   fdiv.o
        48          0          0          0          0         68   fflt_clz.o
       104          4          0          0          0         84   fleqf.o
       258          4          0          0          0         84   fmul.o
       140          4          0          0          0         84   fnaninf.o
        10          0          0          0          0         68   fretinf.o
         4          0          0          0          0         68   printf1.o
       100          0          0          0          0         68   retnan.o
        92          0          0          0          0         68   scalbn.o
        48          0          0          0          0         68   trapv.o
         0          0          0          0          0          0   usenofp.o
        62         10          0          0          0        340   dunder.o
        40          0          0          0          0         68   fpclassify.o
       170          0          0          0          0         96   poly.o
      2520        190        136          0          0        324   pow.o
         0          0          8          0          0          0   qnan.o
        76          0          0          0          0         84   sqrt.o

    ----------------------------------------------------------------------
     11992        732        320          0        100       6060   Library Totals
        22          0          0          0          4          0   (incl. Padding)

    ----------------------------------------------------------------------

      Code (inc. data)   RO Data    RW Data    ZI Data      Debug   Library Name

      4456        192        176          0         96       2596   c_w.l
      4646        340          0          0          0       2552   fz_ws.l
      2868        200        144          0          0        912   m_ws.l

    ----------------------------------------------------------------------
     11992        732        320          0        100       6060   Library Totals

    ----------------------------------------------------------------------

==============================================================================


      Code (inc. data)   RO Data    RW Data    ZI Data      Debug   

     22776       1304        656       2224      10304     297957   Grand Totals
     22776       1304        656        532      10304     297957   ELF Image Totals (compressed)
     22776       1304        656        532          0          0   ROM Totals

==============================================================================

    Total RO  Size (Code + RO Data)                23432 (  22.88kB)
    Total RW  Size (RW Data + ZI Data)             12528 (  12.23kB)
    Total ROM Size (Code + RO Data + RW Data)      23964 (  23.40kB)

==============================================================================

